Component: Arm Compiler for Embedded 6.22 Tool: armlink [5ee90200]

==============================================================================

Section Cross References

    key.o(.text.Key_GetNum1) refers to board.o(.text.delay_ms) for delay_ms
    key.o(.ARM.exidx.text.Key_GetNum1) refers to key.o(.text.Key_GetNum1) for [Anonymous Symbol]
    key.o(.text.Key_GetNum2) refers to board.o(.text.delay_ms) for delay_ms
    key.o(.ARM.exidx.text.Key_GetNum2) refers to key.o(.text.Key_GetNum2) for [Anonymous Symbol]
    led.o(.ARM.exidx.text.LED_Blue_ON) refers to led.o(.text.LED_Blue_ON) for [Anonymous Symbol]
    led.o(.ARM.exidx.text.LED_Blue_OFF) refers to led.o(.text.LED_Blue_OFF) for [Anonymous Symbol]
    led.o(.ARM.exidx.text.LED_Green_ON) refers to led.o(.text.LED_Green_ON) for [Anonymous Symbol]
    led.o(.ARM.exidx.text.LED_Green_OFF) refers to led.o(.text.LED_Green_OFF) for [Anonymous Symbol]
    board.o(.text.board_init) refers to ti_msp_dl_config.o(.text.SYSCFG_DL_init) for SYSCFG_DL_init
    board.o(.ARM.exidx.text.board_init) refers to board.o(.text.board_init) for [Anonymous Symbol]
    board.o(.ARM.exidx.text.delay_us) refers to board.o(.text.delay_us) for [Anonymous Symbol]
    board.o(.ARM.exidx.text.delay_ms) refers to board.o(.text.delay_ms) for [Anonymous Symbol]
    board.o(.ARM.exidx.text.delay_1us) refers to board.o(.text.delay_1us) for [Anonymous Symbol]
    board.o(.ARM.exidx.text.delay_1ms) refers to board.o(.text.delay_1ms) for [Anonymous Symbol]
    board.o(.ARM.exidx.text.uart0_send_char) refers to board.o(.text.uart0_send_char) for [Anonymous Symbol]
    board.o(.ARM.exidx.text.uart0_send_string) refers to board.o(.text.uart0_send_string) for [Anonymous Symbol]
    board.o(.ARM.exidx.text._sys_exit) refers to board.o(.text._sys_exit) for [Anonymous Symbol]
    board.o(.ARM.exidx.text.fputc) refers to board.o(.text.fputc) for [Anonymous Symbol]
    board.o(.text.UART2_IRQHandler) refers to jy901s.o(.text.jy901s_ReceiveData) for jy901s_ReceiveData
    board.o(.text.UART2_IRQHandler) refers to board.o(.bss.recv0_flag) for recv0_flag
    board.o(.ARM.exidx.text.UART2_IRQHandler) refers to board.o(.text.UART2_IRQHandler) for [Anonymous Symbol]
    buzzer.o(.ARM.exidx.text.Buzzer_OFF) refers to buzzer.o(.text.Buzzer_OFF) for [Anonymous Symbol]
    buzzer.o(.ARM.exidx.text.Buzzer_ON) refers to buzzer.o(.text.Buzzer_ON) for [Anonymous Symbol]
    motor.o(.text.Motor_left_duty) refers to dl_timer.o(.text.DL_Timer_setCaptureCompareValue) for DL_Timer_setCaptureCompareValue
    motor.o(.ARM.exidx.text.Motor_left_duty) refers to motor.o(.text.Motor_left_duty) for [Anonymous Symbol]
    motor.o(.text.Motor_right_duty) refers to dl_timer.o(.text.DL_Timer_setCaptureCompareValue) for DL_Timer_setCaptureCompareValue
    motor.o(.ARM.exidx.text.Motor_right_duty) refers to motor.o(.text.Motor_right_duty) for [Anonymous Symbol]
    motor.o(.text.Motor_left_Control) refers to ffixui.o(.text) for __aeabi_f2uiz
    motor.o(.text.Motor_left_Control) refers to dl_timer.o(.text.DL_Timer_setCaptureCompareValue) for DL_Timer_setCaptureCompareValue
    motor.o(.text.Motor_left_Control) refers to pid.o(.data.motor_left_dir) for motor_left_dir
    motor.o(.ARM.exidx.text.Motor_left_Control) refers to motor.o(.text.Motor_left_Control) for [Anonymous Symbol]
    motor.o(.text.Motor_right_Control) refers to ffixui.o(.text) for __aeabi_f2uiz
    motor.o(.text.Motor_right_Control) refers to dl_timer.o(.text.DL_Timer_setCaptureCompareValue) for DL_Timer_setCaptureCompareValue
    motor.o(.text.Motor_right_Control) refers to pid.o(.data.motor_right_dir) for motor_right_dir
    motor.o(.ARM.exidx.text.Motor_right_Control) refers to motor.o(.text.Motor_right_Control) for [Anonymous Symbol]
    motor.o(.ARM.exidx.text.motor_stop) refers to motor.o(.text.motor_stop) for [Anonymous Symbol]
    encoder.o(.ARM.exidx.text.encoder_Init) refers to encoder.o(.text.encoder_Init) for [Anonymous Symbol]
    encoder.o(.text.GROUP1_IRQHandler) refers to faddsub.o(x$fpl$fadd) for __aeabi_fadd
    encoder.o(.text.GROUP1_IRQHandler) refers to encoder.o(.bss.Get_Encoder_countA) for Get_Encoder_countA
    encoder.o(.text.GROUP1_IRQHandler) refers to encoder.o(.bss.Get_Encoder_countB) for Get_Encoder_countB
    encoder.o(.ARM.exidx.text.GROUP1_IRQHandler) refers to encoder.o(.text.GROUP1_IRQHandler) for [Anonymous Symbol]
    timer.o(.ARM.exidx.text.timerA_init) refers to timer.o(.text.timerA_init) for [Anonymous Symbol]
    timer.o(.ARM.exidx.text.timerG_init) refers to timer.o(.text.timerG_init) for [Anonymous Symbol]
    gray.o(.text.Gray_Init) refers to gray.o(.bss.R3) for R3
    gray.o(.text.Gray_Init) refers to gray.o(.bss.R2) for R2
    gray.o(.text.Gray_Init) refers to gray.o(.bss.R1) for R1
    gray.o(.text.Gray_Init) refers to gray.o(.bss.M) for M
    gray.o(.text.Gray_Init) refers to gray.o(.bss.L1) for L1
    gray.o(.text.Gray_Init) refers to gray.o(.bss.L2) for L2
[...]
    .ARM.Collect$$libinit$$0000002E          0x00000166   Section        0  libinit2.o(.ARM.Collect$$libinit$$0000002E)
    .ARM.Collect$$libinit$$00000030          0x00000166   Section        0  libinit2.o(.ARM.Collect$$libinit$$00000030)
    .ARM.Collect$$libinit$$00000032          0x00000166   Section        0  libinit2.o(.ARM.Collect$$libinit$$00000032)
    .ARM.Collect$$libinit$$00000034          0x00000166   Section        0  libinit2.o(.ARM.Collect$$libinit$$00000034)
    .ARM.Collect$$libinit$$00000035          0x00000166   Section        2  libinit2.o(.ARM.Collect$$libinit$$00000035)
    .ARM.Collect$$libshutdown$$00000000      0x00000168   Section        2  libshutdown.o(.ARM.Collect$$libshutdown$$00000000)
    .ARM.Collect$$libshutdown$$00000002      0x0000016a   Section        0  libshutdown2.o(.ARM.Collect$$libshutdown$$00000002)
    .ARM.Collect$$libshutdown$$00000004      0x0000016a   Section        0  libshutdown2.o(.ARM.Collect$$libshutdown$$00000004)
    .ARM.Collect$$libshutdown$$00000007      0x0000016a   Section        0  libshutdown2.o(.ARM.Collect$$libshutdown$$00000007)
    .ARM.Collect$$libshutdown$$0000000A      0x0000016a   Section        0  libshutdown2.o(.ARM.Collect$$libshutdown$$0000000A)
    .ARM.Collect$$libshutdown$$0000000C      0x0000016a   Section        0  libshutdown2.o(.ARM.Collect$$libshutdown$$0000000C)
    .ARM.Collect$$libshutdown$$0000000F      0x0000016a   Section        0  libshutdown2.o(.ARM.Collect$$libshutdown$$0000000F)
    .ARM.Collect$$libshutdown$$00000010      0x0000016a   Section        2  libshutdown2.o(.ARM.Collect$$libshutdown$$00000010)
    .ARM.Collect$$rtentry$$00000000          0x0000016c   Section        0  __rtentry.o(.ARM.Collect$$rtentry$$00000000)
    .ARM.Collect$$rtentry$$00000002          0x0000016c   Section        0  __rtentry2.o(.ARM.Collect$$rtentry$$00000002)
    .ARM.Collect$$rtentry$$00000004          0x0000016c   Section        6  __rtentry4.o(.ARM.Collect$$rtentry$$00000004)
    .ARM.Collect$$rtentry$$00000009          0x00000172   Section        0  __rtentry2.o(.ARM.Collect$$rtentry$$00000009)
    .ARM.Collect$$rtentry$$0000000A          0x00000172   Section        4  __rtentry2.o(.ARM.Collect$$rtentry$$0000000A)
    .ARM.Collect$$rtentry$$0000000C          0x00000176   Section        0  __rtentry2.o(.ARM.Collect$$rtentry$$0000000C)
    .ARM.Collect$$rtentry$$0000000D          0x00000176   Section        8  __rtentry2.o(.ARM.Collect$$rtentry$$0000000D)
    .ARM.Collect$$rtexit$$00000000           0x0000017e   Section        2  rtexit.o(.ARM.Collect$$rtexit$$00000000)
    .ARM.Collect$$rtexit$$00000002           0x00000180   Section        0  rtexit2.o(.ARM.Collect$$rtexit$$00000002)
    .ARM.Collect$$rtexit$$00000003           0x00000180   Section        4  rtexit2.o(.ARM.Collect$$rtexit$$00000003)
    .ARM.Collect$$rtexit$$00000004           0x00000184   Section        6  rtexit2.o(.ARM.Collect$$rtexit$$00000004)
    .text                                    0x0000018c   Section       48  startup_mspm0g350x_uvision.o(.text)
    .text                                    0x000001bc   Section        0  heapauxi.o(.text)
    .text                                    0x000001c4   Section        0  fdiv.o(.text)
    .text                                    0x00000324   Section        0  ffixi.o(.text)
    .text                                    0x00000370   Section        0  ffixui.o(.text)
    .text                                    0x000003a0   Section        0  fflti.o(.text)
    .text                                    0x00000400   Section        0  fcmpin.o(.text)
    .text                                    0x00000464   Section       62  sys_stackheap_outer.o(.text)
    .text                                    0x000004a2   Section        0  exit.o(.text)
    .text                                    0x000004b2   Section        0  cmpret.o(.text)
    .text                                    0x000004e0   Section        0  fnan2.o(.text)
    .text                                    0x000004f0   Section        8  libspace.o(.text)
    .text                                    0x000004f8   Section        0  retnan.o(.text)
    [Anonymous Symbol]                       0x00000558   Section        0  buzzer.o(.text.Buzzer_OFF)
    __arm_cp.0_0                             0x00000564   Number         4  buzzer.o(.text.Buzzer_OFF)
    [Anonymous Symbol]                       0x00000568   Section        0  buzzer.o(.text.Buzzer_ON)
    __arm_cp.1_0                             0x00000574   Number         4  buzzer.o(.text.Buzzer_ON)
    [Anonymous Symbol]                       0x00000578   Section        0  dl_common.o(.text.DL_Common_delayCycles)
    [Anonymous Symbol]                       0x00000584   Section        0  dl_timer.o(.text.DL_Timer_initFourCCPWMMode)
    __arm_cp.11_0                            0x00000640   Number         4  dl_timer.o(.text.DL_Timer_initFourCCPWMMode)
    __arm_cp.11_4                            0x00000644   Number         4  dl_timer.o(.text.DL_Timer_initFourCCPWMMode)
    __arm_cp.11_5                            0x00000648   Number         4  dl_timer.o(.text.DL_Timer_initFourCCPWMMode)
    __arm_cp.11_6                            0x0000064c   Number         4  dl_timer.o(.text.DL_Timer_initFourCCPWMMode)
    __arm_cp.11_7                            0x00000650   Number         4  dl_timer.o(.text.DL_Timer_initFourCCPWMMode)
    __arm_cp.11_9                            0x00000654   Number         4  dl_timer.o(.text.DL_Timer_initFourCCPWMMode)
    [Anonymous Symbol]                       0x00000658   Section        0  dl_timer.o(.text.DL_Timer_initTimerMode)
    __arm_cp.2_0                             0x00000738   Number         4  dl_timer.o(.text.DL_Timer_initTimerMode)
    __arm_cp.2_2                             0x0000073c   Number         4  dl_timer.o(.text.DL_Timer_initTimerMode)
    __arm_cp.2_3                             0x00000740   Number         4  dl_timer.o(.text.DL_Timer_initTimerMode)
    [Anonymous Symbol]                       0x00000744   Section        0  dl_timer.o(.text.DL_Timer_setCaptCompUpdateMethod)
    __arm_cp.18_0                            0x0000075c   Number         4  dl_timer.o(.text.DL_Timer_setCaptCompUpdateMethod)
    [Anonymous Symbol]                       0x00000760   Section        0  dl_timer.o(.text.DL_Timer_setCaptureCompareOutCtl)
    __arm_cp.13_0                            0x00000774   Number         4  dl_timer.o(.text.DL_Timer_setCaptureCompareOutCtl)
    [Anonymous Symbol]                       0x00000778   Section        0  dl_timer.o(.text.DL_Timer_setCaptureCompareValue)
    __arm_cp.3_0                             0x00000784   Number         4  dl_timer.o(.text.DL_Timer_setCaptureCompareValue)
    [Anonymous Symbol]                       0x00000788   Section        0  dl_timer.o(.text.DL_Timer_setClockConfig)
    __arm_cp.0_0                             0x000007a0   Number         4  dl_timer.o(.text.DL_Timer_setClockConfig)
    [Anonymous Symbol]                       0x000007a4   Section        0  dl_uart.o(.text.DL_UART_init)
    __arm_cp.0_0                             0x000007e4   Number         4  dl_uart.o(.text.DL_UART_init)
    __arm_cp.0_1                             0x000007e8   Number         4  dl_uart.o(.text.DL_UART_init)
    [Anonymous Symbol]                       0x000007ec   Section        0  dl_uart.o(.text.DL_UART_setClockConfig)
    [Anonymous Symbol]                       0x00000800   Section        0  encoder.o(.text.GROUP1_IRQHandler)
    __arm_cp.1_0                             0x000008b4   Number         4  encoder.o(.text.GROUP1_IRQHandler)
    __arm_cp.1_1                             0x000008b8   Number         4  encoder.o(.text.GROUP1_IRQHandler)
    __arm_cp.1_3                             0x000008bc   Number         4  encoder.o(.text.GROUP1_IRQHandler)
    __arm_cp.1_4                             0x000008c0   Number         4  encoder.o(.text.GROUP1_IRQHandler)
    __arm_cp.1_6                             0x000008c4   Number         4  encoder.o(.text.GROUP1_IRQHandler)
    [Anonymous Symbol]                       0x000008c8   Section        0  gray.o(.text.Get_Light_TTL)
    __arm_cp.1_0                             0x00000954   Number         4  gray.o(.text.Get_Light_TTL)
    __arm_cp.1_8                             0x00000958   Number         4  gray.o(.text.Get_Light_TTL)
    __arm_cp.1_9                             0x0000095c   Number         4  gray.o(.text.Get_Light_TTL)
    __arm_cp.1_10                            0x00000960   Number         4  gray.o(.text.Get_Light_TTL)
    [Anonymous Symbol]                       0x00000964   Section        0  gray.o(.text.Gray_Init)
    __arm_cp.0_1                             0x000009b0   Number         4  gray.o(.text.Gray_Init)
    __arm_cp.0_2                             0x000009b4   Number         4  gray.o(.text.Gray_Init)
    __arm_cp.0_3                             0x000009b8   Number         4  gray.o(.text.Gray_Init)
    __arm_cp.0_4                             0x000009bc   Number         4  gray.o(.text.Gray_Init)
    __arm_cp.0_5                             0x000009c0   Number         4  gray.o(.text.Gray_Init)
    __arm_cp.0_6                             0x000009c4   Number         4  gray.o(.text.Gray_Init)
    __arm_cp.0_7                             0x000009c8   Number         4  gray.o(.text.Gray_Init)
    __arm_cp.0_8                             0x000009cc   Number         4  gray.o(.text.Gray_Init)
    [Anonymous Symbol]                       0x000009d0   Section        0  key.o(.text.Key_GetNum1)
    [Anonymous Symbol]                       0x00000a08   Section        0  key.o(.text.Key_GetNum2)
    __arm_cp.1_0                             0x00000a40   Number         4  key.o(.text.Key_GetNum2)
    [Anonymous Symbol]                       0x00000a44   Section        0  led.o(.text.LED_Blue_OFF)
    [Anonymous Symbol]                       0x00000a50   Section        0  led.o(.text.LED_Blue_ON)
    [Anonymous Symbol]                       0x00000a5c   Section        0  led.o(.text.LED_Green_OFF)
    __arm_cp.3_0                             0x00000a68   Number         4  led.o(.text.LED_Green_OFF)
    [Anonymous Symbol]                       0x00000a6c   Section        0  led.o(.text.LED_Green_ON)
    [Anonymous Symbol]                       0x00000a78   Section        0  motor.o(.text.Motor_left_Control)
    __arm_cp.2_0                             0x00000ab0   Number         4  motor.o(.text.Motor_left_Control)
    [Anonymous Symbol]                       0x00000ab4   Section        0  motor.o(.text.Motor_right_Control)
    __arm_cp.3_0                             0x00000aec   Number         4  motor.o(.text.Motor_right_Control)
    __arm_cp.3_1                             0x00000af0   Number         4  motor.o(.text.Motor_right_Control)
    [Anonymous Symbol]                       0x00000af4   Section        0  ti_msp_dl_config.o(.text.SYSCFG_DL_GPIO_init)
    __arm_cp.2_0                             0x00000bac   Number         4  ti_msp_dl_config.o(.text.SYSCFG_DL_GPIO_init)
    __arm_cp.2_1                             0x00000bb0   Number         4  ti_msp_dl_config.o(.text.SYSCFG_DL_GPIO_init)
    __arm_cp.2_2                             0x00000bb4   Number         4  ti_msp_dl_config.o(.text.SYSCFG_DL_GPIO_init)
    __arm_cp.2_3                             0x00000bb8   Number         4  ti_msp_dl_config.o(.text.SYSCFG_DL_GPIO_init)
    __arm_cp.2_4                             0x00000bbc   Number         4  ti_msp_dl_config.o(.text.SYSCFG_DL_GPIO_init)
    __arm_cp.2_5                             0x00000bc0   Number         4  ti_msp_dl_config.o(.text.SYSCFG_DL_GPIO_init)
    __arm_cp.2_6                             0x00000bc4   Number         4  ti_msp_dl_config.o(.text.SYSCFG_DL_GPIO_init)
    __arm_cp.2_7                             0x00000bc8   Number         4  ti_msp_dl_config.o(.text.SYSCFG_DL_GPIO_init)
    __arm_cp.2_8                             0x00000bcc   Number         4  ti_msp_dl_config.o(.text.SYSCFG_DL_GPIO_init)
    __arm_cp.2_9                             0x00000bd0   Number         4  ti_msp_dl_config.o(.text.SYSCFG_DL_GPIO_init)
    __arm_cp.2_10                            0x00000bd4   Number         4  ti_msp_dl_config.o(.text.SYSCFG_DL_GPIO_init)
    __arm_cp.2_11                            0x00000bd8   Number         4  ti_msp_dl_config.o(.text.SYSCFG_DL_GPIO_init)
    __arm_cp.2_12                            0x00000bdc   Number         4  ti_msp_dl_config.o(.text.SYSCFG_DL_GPIO_init)
    [Anonymous Symbol]                       0x00000be0   Section        0  ti_msp_dl_config.o(.text.SYSCFG_DL_PWM_init)
    __arm_cp.4_0                             0x00000c54   Number         4  ti_msp_dl_config.o(.text.SYSCFG_DL_PWM_init)
    __arm_cp.4_1                             0x00000c58   Number         4  ti_msp_dl_config.o(.text.SYSCFG_DL_PWM_init)
    __arm_cp.4_2                             0x00000c5c   Number         4  ti_msp_dl_config.o(.text.SYSCFG_DL_PWM_init)
    __arm_cp.4_3                             0x00000c60   Number         4  ti_msp_dl_config.o(.text.SYSCFG_DL_PWM_init)
    __arm_cp.4_4                             0x00000c64   Number         4  ti_msp_dl_config.o(.text.SYSCFG_DL_PWM_init)
    __arm_cp.4_5                             0x00000c68   Number         4  ti_msp_dl_config.o(.text.SYSCFG_DL_PWM_init)
    [Anonymous Symbol]                       0x00000c6c   Section        0  ti_msp_dl_config.o(.text.SYSCFG_DL_SYSCTL_init)
    __arm_cp.3_0                             0x00000cac   Number         4  ti_msp_dl_config.o(.text.SYSCFG_DL_SYSCTL_init)
    __arm_cp.3_1                             0x00000cb0   Number         4  ti_msp_dl_config.o(.text.SYSCFG_DL_SYSCTL_init)
    __arm_cp.3_2                             0x00000cb4   Number         4  ti_msp_dl_config.o(.text.SYSCFG_DL_SYSCTL_init)
    [Anonymous Symbol]                       0x00000cb8   Section        0  ti_msp_dl_config.o(.text.SYSCFG_DL_SYSTICK_init)
    __arm_cp.8_0                             0x00000cd0   Number         4  ti_msp_dl_config.o(.text.SYSCFG_DL_SYSTICK_init)
    [Anonymous Symbol]                       0x00000cd4   Section        0  ti_msp_dl_config.o(.text.SYSCFG_DL_TIMER_0_init)
    __arm_cp.5_0                             0x00000d04   Number         4  ti_msp_dl_config.o(.text.SYSCFG_DL_TIMER_0_init)
    __arm_cp.5_1                             0x00000d08   Number         4  ti_msp_dl_config.o(.text.SYSCFG_DL_TIMER_0_init)
    __arm_cp.5_2                             0x00000d0c   Number         4  ti_msp_dl_config.o(.text.SYSCFG_DL_TIMER_0_init)
    __arm_cp.5_3                             0x00000d10   Number         4  ti_msp_dl_config.o(.text.SYSCFG_DL_TIMER_0_init)
    __arm_cp.5_5                             0x00000d14   Number         4  ti_msp_dl_config.o(.text.SYSCFG_DL_TIMER_0_init)
    [Anonymous Symbol]                       0x00000d18   Section        0  ti_msp_dl_config.o(.text.SYSCFG_DL_TIMER_1_init)
    __arm_cp.6_0                             0x00000d4c   Number         4  ti_msp_dl_config.o(.text.SYSCFG_DL_TIMER_1_init)
    __arm_cp.6_1                             0x00000d50   Number         4  ti_msp_dl_config.o(.text.SYSCFG_DL_TIMER_1_init)
    __arm_cp.6_2                             0x00000d54   Number         4  ti_msp_dl_config.o(.text.SYSCFG_DL_TIMER_1_init)
    __arm_cp.6_3                             0x00000d58   Number         4  ti_msp_dl_config.o(.text.SYSCFG_DL_TIMER_1_init)
    __arm_cp.6_4                             0x00000d5c   Number         4  ti_msp_dl_config.o(.text.SYSCFG_DL_TIMER_1_init)
    __arm_cp.6_5                             0x00000d60   Number         4  ti_msp_dl_config.o(.text.SYSCFG_DL_TIMER_1_init)
    [Anonymous Symbol]                       0x00000d64   Section        0  ti_msp_dl_config.o(.text.SYSCFG_DL_UART_2_init)
    __arm_cp.7_0                             0x00000dbc   Number         4  ti_msp_dl_config.o(.text.SYSCFG_DL_UART_2_init)
    __arm_cp.7_1                             0x00000dc0   Number         4  ti_msp_dl_config.o(.text.SYSCFG_DL_UART_2_init)
    __arm_cp.7_2                             0x00000dc4   Number         4  ti_msp_dl_config.o(.text.SYSCFG_DL_UART_2_init)
    __arm_cp.7_3                             0x00000dc8   Number         4  ti_msp_dl_config.o(.text.SYSCFG_DL_UART_2_init)
    __arm_cp.7_4                             0x00000dcc   Number         4  ti_msp_dl_config.o(.text.SYSCFG_DL_UART_2_init)
    __arm_cp.7_5                             0x00000dd0   Number         4  ti_msp_dl_config.o(.text.SYSCFG_DL_UART_2_init)
    [Anonymous Symbol]                       0x00000dd4   Section        0  ti_msp_dl_config.o(.text.SYSCFG_DL_init)
    __arm_cp.0_0                             0x00000e08   Number         4  ti_msp_dl_config.o(.text.SYSCFG_DL_init)
    __arm_cp.0_1                             0x00000e0c   Number         4  ti_msp_dl_config.o(.text.SYSCFG_DL_init)
    [Anonymous Symbol]                       0x00000e10   Section        0  ti_msp_dl_config.o(.text.SYSCFG_DL_initPower)
    __arm_cp.1_0                             0x00000e44   Number         4  ti_msp_dl_config.o(.text.SYSCFG_DL_initPower)
    __arm_cp.1_1                             0x00000e48   Number         4  ti_msp_dl_config.o(.text.SYSCFG_DL_initPower)
    __arm_cp.1_2                             0x00000e4c   Number         4  ti_msp_dl_config.o(.text.SYSCFG_DL_initPower)
    __arm_cp.1_3                             0x00000e50   Number         4  ti_msp_dl_config.o(.text.SYSCFG_DL_initPower)
    __arm_cp.1_4                             0x00000e54   Number         4  ti_msp_dl_config.o(.text.SYSCFG_DL_initPower)
    __arm_cp.1_5                             0x00000e58   Number         4  ti_msp_dl_config.o(.text.SYSCFG_DL_initPower)
    __arm_cp.1_6                             0x00000e5c   Number         4  ti_msp_dl_config.o(.text.SYSCFG_DL_initPower)
    __arm_cp.1_7                             0x00000e60   Number         4  ti_msp_dl_config.o(.text.SYSCFG_DL_initPower)
    [Anonymous Symbol]                       0x00000e64   Section        0  position.o(.text.SoundLight)
    __arm_cp.1_0                             0x00000e80   Number         4  position.o(.text.SoundLight)
    [Anonymous Symbol]                       0x00000e84   Section        0  empty.o(.text.TIMA0_IRQHandler)
    __arm_cp.1_0                             0x00000e98   Number         4  empty.o(.text.TIMA0_IRQHandler)
    [Anonymous Symbol]                       0x00000e9c   Section        0  empty.o(.text.TIMG0_IRQHandler)
    __arm_cp.2_0                             0x00000ec0   Number         4  empty.o(.text.TIMG0_IRQHandler)
    [Anonymous Symbol]                       0x00000ec4   Section        0  task.o(.text.Task_1)
    __arm_cp.0_8                             0x00000f5c   Number         4  task.o(.text.Task_1)
    [Anonymous Symbol]                       0x00000f60   Section        0  task.o(.text.Task_2)
    __arm_cp.1_0                             0x00001138   Number         4  task.o(.text.Task_2)
    __arm_cp.1_1                             0x0000113c   Number         4  task.o(.text.Task_2)
    __arm_cp.1_2                             0x00001140   Number         4  task.o(.text.Task_2)
    __arm_cp.1_3                             0x00001144   Number         4  task.o(.text.Task_2)
    __arm_cp.1_4                             0x00001148   Number         4  task.o(.text.Task_2)
    __arm_cp.1_5                             0x0000114c   Number         4  task.o(.text.Task_2)
    __arm_cp.1_6                             0x00001150   Number         4  task.o(.text.Task_2)
    __arm_cp.1_7                             0x00001154   Number         4  task.o(.text.Task_2)
    __arm_cp.1_8                             0x00001158   Number         4  task.o(.text.Task_2)
    __arm_cp.1_9                             0x0000115c   Number         4  task.o(.text.Task_2)
    __arm_cp.1_10                            0x00001160   Number         4  task.o(.text.Task_2)
    __arm_cp.1_11                            0x00001164   Number         4  task.o(.text.Task_2)
    __arm_cp.1_12                            0x00001168   Number         4  task.o(.text.Task_2)
    __arm_cp.1_13                            0x0000116c   Number         4  task.o(.text.Task_2)
    __arm_cp.1_14                            0x00001170   Number         4  task.o(.text.Task_2)
    __arm_cp.1_15                            0x00001174   Number         4  task.o(.text.Task_2)
    __arm_cp.1_16                            0x00001178   Number         4  task.o(.text.Task_2)
    __arm_cp.1_17                            0x0000117c   Number         4  task.o(.text.Task_2)
    __arm_cp.1_18                            0x00001180   Number         4  task.o(.text.Task_2)
    [Anonymous Symbol]                       0x00001184   Section        0  task.o(.text.Task_3)
    __arm_cp.2_0                             0x0000155c   Number         4  task.o(.text.Task_3)
    __arm_cp.2_1                             0x00001560   Number         4  task.o(.text.Task_3)
    __arm_cp.2_2                             0x00001564   Number         4  task.o(.text.Task_3)
    __arm_cp.2_3                             0x00001568   Number         4  task.o(.text.Task_3)
    __arm_cp.2_4                             0x0000156c   Number         4  task.o(.text.Task_3)
    __arm_cp.2_5                             0x00001570   Number         4  task.o(.text.Task_3)
    __arm_cp.2_6                             0x00001574   Number         4  task.o(.text.Task_3)
    __arm_cp.2_7                             0x00001578   Number         4  task.o(.text.Task_3)
    __arm_cp.2_8                             0x0000157c   Number         4  task.o(.text.Task_3)
    __arm_cp.2_9                             0x00001580   Number         4  task.o(.text.Task_3)
    __arm_cp.2_10                            0x00001584   Number         4  task.o(.text.Task_3)
    __arm_cp.2_11                            0x00001588   Number         4  task.o(.text.Task_3)
    __arm_cp.2_12                            0x0000158c   Number         4  task.o(.text.Task_3)
    __arm_cp.2_13                            0x00001590   Number         4  task.o(.text.Task_3)
    __arm_cp.2_14                            0x00001594   Number         4  task.o(.text.Task_3)
    __arm_cp.2_15                            0x00001598   Number         4  task.o(.text.Task_3)
    __arm_cp.2_16                            0x0000159c   Number         4  task.o(.text.Task_3)
    __arm_cp.2_17                            0x000015a0   Number         4  task.o(.text.Task_3)
    __arm_cp.2_18                            0x000015a4   Number         4  task.o(.text.Task_3)
    __arm_cp.2_19                            0x000015a8   Number         4  task.o(.text.Task_3)
    __arm_cp.2_20                            0x000015ac   Number         4  task.o(.text.Task_3)
    __arm_cp.2_21                            0x000015b0   Number         4  task.o(.text.Task_3)
    __arm_cp.2_22                            0x000015b4   Number         4  task.o(.text.Task_3)
    __arm_cp.2_23                            0x000015b8   Number         4  task.o(.text.Task_3)
    __arm_cp.2_24                            0x000015bc   Number         4  task.o(.text.Task_3)
    __arm_cp.2_25                            0x000015c0   Number         4  task.o(.text.Task_3)
    __arm_cp.2_26                            0x000015c4   Number         4  task.o(.text.Task_3)
    __arm_cp.2_27                            0x000015c8   Number         4  task.o(.text.Task_3)
    [Anonymous Symbol]                       0x000015cc   Section        0  task.o(.text.Task_4)
    __arm_cp.3_1                             0x000019ec   Number         4  task.o(.text.Task_4)
    __arm_cp.3_2                             0x000019f0   Number         4  task.o(.text.Task_4)
    __arm_cp.3_3                             0x000019f4   Number         4  task.o(.text.Task_4)
    __arm_cp.3_4                             0x000019f8   Number         4  task.o(.text.Task_4)
    __arm_cp.3_5                             0x000019fc   Number         4  task.o(.text.Task_4)
    __arm_cp.3_6                             0x00001a00   Number         4  task.o(.text.Task_4)
    __arm_cp.3_7                             0x00001a04   Number         4  task.o(.text.Task_4)
    __arm_cp.3_8                             0x00001a08   Number         4  task.o(.text.Task_4)
    __arm_cp.3_9                             0x00001a0c   Number         4  task.o(.text.Task_4)
    __arm_cp.3_10                            0x00001a10   Number         4  task.o(.text.Task_4)
    __arm_cp.3_11                            0x00001a14   Number         4  task.o(.text.Task_4)
    __arm_cp.3_14                            0x00001a18   Number         4  task.o(.text.Task_4)
    __arm_cp.3_15                            0x00001a1c   Number         4  task.o(.text.Task_4)
    __arm_cp.3_16                            0x00001a20   Number         4  task.o(.text.Task_4)
    __arm_cp.3_19                            0x00001a24   Number         4  task.o(.text.Task_4)
    __arm_cp.3_20                            0x00001a28   Number         4  task.o(.text.Task_4)
    __arm_cp.3_21                            0x00001a2c   Number         4  task.o(.text.Task_4)
    __arm_cp.3_22                            0x00001a30   Number         4  task.o(.text.Task_4)
    __arm_cp.3_23                            0x00001a34   Number         4  task.o(.text.Task_4)
    __arm_cp.3_24                            0x00001a38   Number         4  task.o(.text.Task_4)
    __arm_cp.3_25                            0x00001a3c   Number         4  task.o(.text.Task_4)
    __arm_cp.3_26                            0x00001a40   Number         4  task.o(.text.Task_4)
    __arm_cp.3_27                            0x00001a44   Number         4  task.o(.text.Task_4)
    __arm_cp.3_28                            0x00001a48   Number         4  task.o(.text.Task_4)
    [Anonymous Symbol]                       0x00001a4c   Section        0  board.o(.text.UART2_IRQHandler)
    __arm_cp.9_0                             0x00001a6c   Number         4  board.o(.text.UART2_IRQHandler)
    __arm_cp.9_1                             0x00001a70   Number         4  board.o(.text.UART2_IRQHandler)
    __arm_cp.9_2                             0x00001a74   Number         4  board.o(.text.UART2_IRQHandler)
    [Anonymous Symbol]                       0x00001a78   Section        0  position.o(.text.UpdateSoundLight)
    __arm_cp.2_0                             0x00001aa0   Number         4  position.o(.text.UpdateSoundLight)
    __arm_cp.2_1                             0x00001aa4   Number         4  position.o(.text.UpdateSoundLight)
    [Anonymous Symbol]                       0x00001aa8   Section        0  board.o(.text._sys_exit)
    [Anonymous Symbol]                       0x00001aac   Section        0  pid.o(.text.angle_pid_control)
    __arm_cp.6_0                             0x00001b58   Number         4  pid.o(.text.angle_pid_control)
    __arm_cp.6_2                             0x00001b5c   Number         4  pid.o(.text.angle_pid_control)
    __arm_cp.6_3                             0x00001b60   Number         4  pid.o(.text.angle_pid_control)
    __arm_cp.6_4                             0x00001b64   Number         4  pid.o(.text.angle_pid_control)
    __arm_cp.6_5                             0x00001b68   Number         4  pid.o(.text.angle_pid_control)
    __arm_cp.6_6                             0x00001b6c   Number         4  pid.o(.text.angle_pid_control)
    [Anonymous Symbol]                       0x00001b70   Section        0  board.o(.text.board_init)
    [Anonymous Symbol]                       0x00001b84   Section        0  board.o(.text.delay_ms)
    __arm_cp.2_0                             0x00001bc8   Number         4  board.o(.text.delay_ms)
    [Anonymous Symbol]                       0x00001bcc   Section        0  distance.o(.text.distance)
    __arm_cp.0_0                             0x00001bf8   Number         4  distance.o(.text.distance)
    __arm_cp.0_1                             0x00001bfc   Number         4  distance.o(.text.distance)
    __arm_cp.0_2                             0x00001c00   Number         4  distance.o(.text.distance)
    __arm_cp.0_3                             0x00001c04   Number         4  distance.o(.text.distance)
    __arm_cp.0_4                             0x00001c08   Number         4  distance.o(.text.distance)
    [Anonymous Symbol]                       0x00001c0c   Section        0  encoder.o(.text.encoder_Init)
    __arm_cp.0_0                             0x00001c1c   Number         4  encoder.o(.text.encoder_Init)
    __arm_cp.0_1                             0x00001c20   Number         4  encoder.o(.text.encoder_Init)
    [Anonymous Symbol]                       0x00001c24   Section        0  position.o(.text.initialize)
    __arm_cp.0_1                             0x00001c7c   Number         4  position.o(.text.initialize)
    __arm_cp.0_2                             0x00001c80   Number         4  position.o(.text.initialize)
    __arm_cp.0_3                             0x00001c84   Number         4  position.o(.text.initialize)
    [Anonymous Symbol]                       0x00001c88   Section        0  jy901s.o(.text.jy901s_ReceiveData)
    __arm_cp.0_0                             0x00001d70   Number         4  jy901s.o(.text.jy901s_ReceiveData)
    __arm_cp.0_1                             0x00001d74   Number         4  jy901s.o(.text.jy901s_ReceiveData)
    __arm_cp.0_2                             0x00001d78   Number         4  jy901s.o(.text.jy901s_ReceiveData)
    __arm_cp.0_3                             0x00001d7c   Number         4  jy901s.o(.text.jy901s_ReceiveData)
    __arm_cp.0_4                             0x00001d80   Number         4  jy901s.o(.text.jy901s_ReceiveData)
    __arm_cp.0_5                             0x00001d84   Number         4  jy901s.o(.text.jy901s_ReceiveData)
    __arm_cp.0_6                             0x00001d88   Number         4  jy901s.o(.text.jy901s_ReceiveData)
    [Anonymous Symbol]                       0x00001d8c   Section        0  empty.o(.text.main)
    __arm_cp.0_0                             0x00001e4c   Number         4  empty.o(.text.main)
    __arm_cp.0_1                             0x00001e50   Number         4  empty.o(.text.main)
    __arm_cp.0_2                             0x00001e54   Number         4  empty.o(.text.main)
    __arm_cp.0_3                             0x00001e58   Number         4  empty.o(.text.main)
    __arm_cp.0_5                             0x00001e5c   Number         4  empty.o(.text.main)
    __arm_cp.0_6                             0x00001e60   Number         4  empty.o(.text.main)
    __arm_cp.0_7                             0x00001e64   Number         4  empty.o(.text.main)
    __arm_cp.0_8                             0x00001e68   Number         4  empty.o(.text.main)
    __arm_cp.0_9                             0x00001e6c   Number         4  empty.o(.text.main)
    __arm_cp.0_10                            0x00001e70   Number         4  empty.o(.text.main)
    [Anonymous Symbol]                       0x00001e74   Section        0  motor.o(.text.motor_stop)
    __arm_cp.4_0                             0x00001e8c   Number         4  motor.o(.text.motor_stop)
    [Anonymous Symbol]                       0x00001e90   Section        0  pid.o(.text.pid_Init)
    [Anonymous Symbol]                       0x00001e9e   Section        0  pid.o(.text.pid_cal)
    [Anonymous Symbol]                       0x00001f5c   Section        0  pid.o(.text.speed_pid_control)
    __arm_cp.3_0                             0x00001f70   Number         4  pid.o(.text.speed_pid_control)
    __arm_cp.3_1                             0x00001f74   Number         4  pid.o(.text.speed_pid_control)
    [Anonymous Symbol]                       0x00001f78   Section        0  timer.o(.text.timerA_init)
    [Anonymous Symbol]                       0x00001f88   Section        0  timer.o(.text.timerG_init)
    __arm_cp.1_0                             0x00001f98   Number         4  timer.o(.text.timerG_init)
    __arm_cp.1_1                             0x00001f9c   Number         4  timer.o(.text.timerG_init)
    [Anonymous Symbol]                       0x00001fa0   Section        0  pid.o(.text.track_pid_control)
    __arm_cp.5_0                             0x00002068   Number         4  pid.o(.text.track_pid_control)
    __arm_cp.5_1                             0x0000206c   Number         4  pid.o(.text.track_pid_control)
    __arm_cp.5_2                             0x00002070   Number         4  pid.o(.text.track_pid_control)
    __arm_cp.5_3                             0x00002074   Number         4  pid.o(.text.track_pid_control)
    __arm_cp.5_4                             0x00002078   Number         4  pid.o(.text.track_pid_control)
    __arm_cp.5_5                             0x0000207c   Number         4  pid.o(.text.track_pid_control)
    __arm_cp.5_6                             0x00002080   Number         4  pid.o(.text.track_pid_control)
    __arm_cp.5_7                             0x00002084   Number         4  pid.o(.text.track_pid_control)
    __arm_cp.5_8                             0x00002088   Number         4  pid.o(.text.track_pid_control)
    __arm_cp.5_9                             0x0000208c   Number         4  pid.o(.text.track_pid_control)
    __arm_cp.5_10                            0x00002090   Number         4  pid.o(.text.track_pid_control)
    __arm_cp.5_11                            0x00002094   Number         4  pid.o(.text.track_pid_control)
    __arm_cp.5_12                            0x00002098   Number         4  pid.o(.text.track_pid_control)
    .text_divfast                            0x0000209c   Section      502  aeabi_sdivfast.o(.text_divfast)
    i._fgeq                                  0x00002292   Section        0  fcmp.o(i._fgeq)
    i._fgr                                   0x000022a8   Section        0  fcmp.o(i._fgr)
    i._fleq                                  0x000022be   Section        0  fcmp.o(i._fleq)
    x$fpl$fadd                               0x000022d8   Section      140  faddsub.o(x$fpl$fadd)
    _fadd1                                   0x000022e5   Thumb Code     0  faddsub.o(x$fpl$fadd)
    x$fpl$fgeqf                              0x00002364   Section       84  fgef.o(x$fpl$fgeqf)
    x$fpl$fleqf                              0x000023b8   Section       84  flef.o(x$fpl$fleqf)
    x$fpl$fmul                               0x0000240c   Section      176  fmul.o(x$fpl$fmul)
    x$fpl$fsub                               0x000024bc   Section      208  faddsub.o(x$fpl$fsub)
    _fsub1                                   0x000024c9   Thumb Code     0  faddsub.o(x$fpl$fsub)
    fdiv_tab                                 0x0000258c   Data          64  fdiv.o(.constdata)
    .constdata                               0x0000258c   Section       64  fdiv.o(.constdata)
    x$fpl$usenofp                            0x0000258c   Section        0  usenofp.o(x$fpl$usenofp)
    gPWMClockConfig                          0x000025cc   Data           3  ti_msp_dl_config.o(.rodata.gPWMClockConfig)
    [Anonymous Symbol]                       0x000025cc   Section        0  ti_msp_dl_config.o(.rodata.gPWMClockConfig)
    gPWMConfig                               0x000025d0   Data           8  ti_msp_dl_config.o(.rodata.gPWMConfig)
    [Anonymous Symbol]                       0x000025d0   Section        0  ti_msp_dl_config.o(.rodata.gPWMConfig)
    gTIMER_0ClockConfig                      0x000025d8   Data           3  ti_msp_dl_config.o(.rodata.gTIMER_0ClockConfig)
    [Anonymous Symbol]                       0x000025d8   Section        0  ti_msp_dl_config.o(.rodata.gTIMER_0ClockConfig)
    gTIMER_0TimerConfig                      0x000025dc   Data          20  ti_msp_dl_config.o(.rodata.gTIMER_0TimerConfig)
    [Anonymous Symbol]                       0x000025dc   Section        0  ti_msp_dl_config.o(.rodata.gTIMER_0TimerConfig)
    gTIMER_1ClockConfig                      0x000025f0   Data           3  ti_msp_dl_config.o(.rodata.gTIMER_1ClockConfig)
    [Anonymous Symbol]                       0x000025f0   Section        0  ti_msp_dl_config.o(.rodata.gTIMER_1ClockConfig)
    gTIMER_1TimerConfig                      0x000025f4   Data          20  ti_msp_dl_config.o(.rodata.gTIMER_1TimerConfig)
    [Anonymous Symbol]                       0x000025f4   Section        0  ti_msp_dl_config.o(.rodata.gTIMER_1TimerConfig)
    gUART_2ClockConfig                       0x00002608   Data           2  ti_msp_dl_config.o(.rodata.gUART_2ClockConfig)
    [Anonymous Symbol]                       0x00002608   Section        0  ti_msp_dl_config.o(.rodata.gUART_2ClockConfig)
    gUART_2Config                            0x0000260a   Data          10  ti_msp_dl_config.o(.rodata.gUART_2Config)
    [Anonymous Symbol]                       0x0000260a   Section        0  ti_msp_dl_config.o(.rodata.gUART_2Config)
    .bss                                     0x20200010   Section       96  libspace.o(.bss)
    RxBuffer                                 0x20200090   Data          11  jy901s.o(.bss.RxBuffer)
    [Anonymous Symbol]                       0x20200090   Section        0  jy901s.o(.bss.RxBuffer)
    RxIndex                                  0x2020009b   Data           1  jy901s.o(.bss.RxIndex)
    [Anonymous Symbol]                       0x2020009b   Section        0  jy901s.o(.bss.RxIndex)
    RxState                                  0x2020009c   Data           1  jy901s.o(.bss.RxState)
    [Anonymous Symbol]                       0x2020009c   Section        0  jy901s.o(.bss.RxState)
    Heap_Mem                                 0x202002f8   Data        4096  startup_mspm0g350x_uvision.o(HEAP)
    HEAP                                     0x202002f8   Section     4096  startup_mspm0g350x_uvision.o(HEAP)
    Stack_Mem                                0x202012f8   Data        1024  startup_mspm0g350x_uvision.o(STACK)
    STACK                                    0x202012f8   Section     1024  startup_mspm0g350x_uvision.o(STACK)
    __initial_sp                             0x202016f8   Data           0  startup_mspm0g350x_uvision.o(STACK)

    Global Symbols

    Symbol Name                              Value     Ov Type        Size  Object(Section)

    BuildAttributes$$THM_ISAv3M$S$PE$A:L22$X:L11$S22$IEEE1$IW$~IW$USESV6$~STKCKD$USESV7$~SHL$OTIME$ROPI$EBA8$UX$STANDARDLIB$REQ8$PRES8$EABIv2 0x00000000   Number         0  anon$$obj.o ABSOLUTE
    __Vectors                                0x00000000   Data           4  startup_mspm0g350x_uvision.o(RESET)
    __ARM_exceptions_init                     - Undefined Weak Reference
    __alloca_initialize                       - Undefined Weak Reference
    __arm_preinit_                            - Undefined Weak Reference
    __arm_relocate_pie_                       - Undefined Weak Reference
    __cpp_initialize__aeabi_                  - Undefined Weak Reference
    __cxa_finalize                            - Undefined Weak Reference
    __rt_locale                               - Undefined Weak Reference
    __sigvec_lookup                           - Undefined Weak Reference
    _atexit_init                              - Undefined Weak Reference
    _call_atexit_fns                          - Undefined Weak Reference
    _clock_init                               - Undefined Weak Reference
    _fp_trap_init                             - Undefined Weak Reference
    _fp_trap_shutdown                         - Undefined Weak Reference
    _get_lc_collate                           - Undefined Weak Reference
    _get_lc_ctype                             - Undefined Weak Reference
    _get_lc_monetary                          - Undefined Weak Reference
    _get_lc_numeric                           - Undefined Weak Reference
    _get_lc_time                              - Undefined Weak Reference
    _getenv_init                              - Undefined Weak Reference
    _handle_redirection                       - Undefined Weak Reference
    _init_alloc                               - Undefined Weak Reference
    _init_user_alloc                          - Undefined Weak Reference
    _initio                                   - Undefined Weak Reference
    _rand_init                                - Undefined Weak Reference
    _signal_finish                            - Undefined Weak Reference
    _signal_init                              - Undefined Weak Reference
    _terminate_alloc                          - Undefined Weak Reference
    _terminate_user_alloc                     - Undefined Weak Reference
    _terminateio                              - Undefined Weak Reference
    __Vectors_End                            0x000000c0   Data           0  startup_mspm0g350x_uvision.o(RESET)
    __Vectors_Size                           0x000000c0   Number         0  startup_mspm0g350x_uvision.o ABSOLUTE
    __main                                   0x000000c1   Thumb Code     8  __main.o(!!!main)
    __scatterload                            0x000000c9   Thumb Code     0  __scatter.o(!!!scatter)
    __scatterload_rt2                        0x000000c9   Thumb Code    74  __scatter.o(!!!scatter)
    __scatterload_rt2_thumb_only             0x000000c9   Thumb Code     0  __scatter.o(!!!scatter)
    __scatterload_loop                       0x000000d3   Thumb Code     0  __scatter.o(!!!scatter)
    __scatterload_copy                       0x00000121   Thumb Code    26  __scatter_copy.o(!!handler_copy)
    __scatterload_null                       0x00000141   Thumb Code     2  __scatter.o(!!handler_null)
    __scatterload_zeroinit                   0x00000149   Thumb Code    28  __scatter_zi.o(!!handler_zi)
    __rt_lib_init                            0x00000165   Thumb Code     0  libinit.o(.ARM.Collect$$libinit$$00000000)
    __rt_lib_init_alloca_1                   0x00000167   Thumb Code     0  libinit2.o(.ARM.Collect$$libinit$$00000030)
    __rt_lib_init_argv_1                     0x00000167   Thumb Code     0  libinit2.o(.ARM.Collect$$libinit$$0000002E)
    __rt_lib_init_atexit_1                   0x00000167   Thumb Code     0  libinit2.o(.ARM.Collect$$libinit$$0000001D)
    __rt_lib_init_clock_1                    0x00000167   Thumb Code     0  libinit2.o(.ARM.Collect$$libinit$$00000023)
    __rt_lib_init_cpp_1                      0x00000167   Thumb Code     0  libinit2.o(.ARM.Collect$$libinit$$00000034)
    __rt_lib_init_exceptions_1               0x00000167   Thumb Code     0  libinit2.o(.ARM.Collect$$libinit$$00000032)
    __rt_lib_init_fp_1                       0x00000167   Thumb Code     0  libinit2.o(.ARM.Collect$$libinit$$00000002)
    __rt_lib_init_fp_trap_1                  0x00000167   Thumb Code     0  libinit2.o(.ARM.Collect$$libinit$$00000021)
    __rt_lib_init_getenv_1                   0x00000167   Thumb Code     0  libinit2.o(.ARM.Collect$$libinit$$00000025)
    __rt_lib_init_heap_1                     0x00000167   Thumb Code     0  libinit2.o(.ARM.Collect$$libinit$$0000000C)
    __rt_lib_init_lc_collate_1               0x00000167   Thumb Code     0  libinit2.o(.ARM.Collect$$libinit$$00000013)
    __rt_lib_init_lc_ctype_1                 0x00000167   Thumb Code     0  libinit2.o(.ARM.Collect$$libinit$$00000015)
    __rt_lib_init_lc_monetary_1              0x00000167   Thumb Code     0  libinit2.o(.ARM.Collect$$libinit$$00000017)
    __rt_lib_init_lc_numeric_1               0x00000167   Thumb Code     0  libinit2.o(.ARM.Collect$$libinit$$00000019)
    __rt_lib_init_lc_time_1                  0x00000167   Thumb Code     0  libinit2.o(.ARM.Collect$$libinit$$0000001B)
    __rt_lib_init_preinit_1                  0x00000167   Thumb Code     0  libinit2.o(.ARM.Collect$$libinit$$00000006)
    __rt_lib_init_rand_1                     0x00000167   Thumb Code     0  libinit2.o(.ARM.Collect$$libinit$$00000010)
    __rt_lib_init_relocate_pie_1             0x00000167   Thumb Code     0  libinit2.o(.ARM.Collect$$libinit$$00000004)
    __rt_lib_init_return                     0x00000167   Thumb Code     0  libinit2.o(.ARM.Collect$$libinit$$00000035)
    __rt_lib_init_signal_1                   0x00000167   Thumb Code     0  libinit2.o(.ARM.Collect$$libinit$$0000001F)
    __rt_lib_init_stdio_1                    0x00000167   Thumb Code     0  libinit2.o(.ARM.Collect$$libinit$$00000027)
    __rt_lib_init_user_alloc_1               0x00000167   Thumb Code     0  libinit2.o(.ARM.Collect$$libinit$$0000000E)
    __rt_lib_shutdown                        0x00000169   Thumb Code     0  libshutdown.o(.ARM.Collect$$libshutdown$$00000000)
    __rt_lib_shutdown_cpp_1                  0x0000016b   Thumb Code     0  libshutdown2.o(.ARM.Collect$$libshutdown$$00000002)
    __rt_lib_shutdown_fp_trap_1              0x0000016b   Thumb Code     0  libshutdown2.o(.ARM.Collect$$libshutdown$$00000007)
    __rt_lib_shutdown_heap_1                 0x0000016b   Thumb Code     0  libshutdown2.o(.ARM.Collect$$libshutdown$$0000000F)
    __rt_lib_shutdown_return                 0x0000016b   Thumb Code     0  libshutdown2.o(.ARM.Collect$$libshutdown$$00000010)
    __rt_lib_shutdown_signal_1               0x0000016b   Thumb Code     0  libshutdown2.o(.ARM.Collect$$libshutdown$$0000000A)
    __rt_lib_shutdown_stdio_1                0x0000016b   Thumb Code     0  libshutdown2.o(.ARM.Collect$$libshutdown$$00000004)
    __rt_lib_shutdown_user_alloc_1           0x0000016b   Thumb Code     0  libshutdown2.o(.ARM.Collect$$libshutdown$$0000000C)
    __rt_entry                               0x0000016d   Thumb Code     0  __rtentry.o(.ARM.Collect$$rtentry$$00000000)
    __rt_entry_presh_1                       0x0000016d   Thumb Code     0  __rtentry2.o(.ARM.Collect$$rtentry$$00000002)
    __rt_entry_sh                            0x0000016d   Thumb Code     0  __rtentry4.o(.ARM.Collect$$rtentry$$00000004)
    __rt_entry_li                            0x00000173   Thumb Code     0  __rtentry2.o(.ARM.Collect$$rtentry$$0000000A)
    __rt_entry_postsh_1                      0x00000173   Thumb Code     0  __rtentry2.o(.ARM.Collect$$rtentry$$00000009)
    __rt_entry_main                          0x00000177   Thumb Code     0  __rtentry2.o(.ARM.Collect$$rtentry$$0000000D)
    __rt_entry_postli_1                      0x00000177   Thumb Code     0  __rtentry2.o(.ARM.Collect$$rtentry$$0000000C)
    __rt_exit                                0x0000017f   Thumb Code     0  rtexit.o(.ARM.Collect$$rtexit$$00000000)
    __rt_exit_ls                             0x00000181   Thumb Code     0  rtexit2.o(.ARM.Collect$$rtexit$$00000003)
    __rt_exit_prels_1                        0x00000181   Thumb Code     0  rtexit2.o(.ARM.Collect$$rtexit$$00000002)
    __rt_exit_exit                           0x00000185   Thumb Code     0  rtexit2.o(.ARM.Collect$$rtexit$$00000004)
    Reset_Handler                            0x0000018d   Thumb Code     4  startup_mspm0g350x_uvision.o(.text)
    NMI_Handler                              0x00000191   Thumb Code     2  startup_mspm0g350x_uvision.o(.text)
    HardFault_Handler                        0x00000193   Thumb Code     2  startup_mspm0g350x_uvision.o(.text)
    SVC_Handler                              0x00000195   Thumb Code     2  startup_mspm0g350x_uvision.o(.text)
    PendSV_Handler                           0x00000197   Thumb Code     2  startup_mspm0g350x_uvision.o(.text)
    SysTick_Handler                          0x00000199   Thumb Code     2  startup_mspm0g350x_uvision.o(.text)
    ADC0_IRQHandler                          0x0000019b   Thumb Code     0  startup_mspm0g350x_uvision.o(.text)
    ADC1_IRQHandler                          0x0000019b   Thumb Code     0  startup_mspm0g350x_uvision.o(.text)
    AES_IRQHandler                           0x0000019b   Thumb Code     0  startup_mspm0g350x_uvision.o(.text)
    CANFD0_IRQHandler                        0x0000019b   Thumb Code     0  startup_mspm0g350x_uvision.o(.text)
    DAC0_IRQHandler                          0x0000019b   Thumb Code     0  startup_mspm0g350x_uvision.o(.text)
    DMA_IRQHandler                           0x0000019b   Thumb Code     0  startup_mspm0g350x_uvision.o(.text)
    Default_Handler                          0x0000019b   Thumb Code     2  startup_mspm0g350x_uvision.o(.text)
    GROUP0_IRQHandler                        0x0000019b   Thumb Code     0  startup_mspm0g350x_uvision.o(.text)
    I2C0_IRQHandler                          0x0000019b   Thumb Code     0  startup_mspm0g350x_uvision.o(.text)
    I2C1_IRQHandler                          0x0000019b   Thumb Code     0  startup_mspm0g350x_uvision.o(.text)
    RTC_IRQHandler                           0x0000019b   Thumb Code     0  startup_mspm0g350x_uvision.o(.text)
    SPI0_IRQHandler                          0x0000019b   Thumb Code     0  startup_mspm0g350x_uvision.o(.text)
    SPI1_IRQHandler                          0x0000019b   Thumb Code     0  startup_mspm0g350x_uvision.o(.text)
    TIMA1_IRQHandler                         0x0000019b   Thumb Code     0  startup_mspm0g350x_uvision.o(.text)
    TIMG12_IRQHandler                        0x0000019b   Thumb Code     0  startup_mspm0g350x_uvision.o(.text)
    TIMG6_IRQHandler                         0x0000019b   Thumb Code     0  startup_mspm0g350x_uvision.o(.text)
    TIMG7_IRQHandler                         0x0000019b   Thumb Code     0  startup_mspm0g350x_uvision.o(.text)
    TIMG8_IRQHandler                         0x0000019b   Thumb Code     0  startup_mspm0g350x_uvision.o(.text)
    UART0_IRQHandler                         0x0000019b   Thumb Code     0  startup_mspm0g350x_uvision.o(.text)
    UART1_IRQHandler                         0x0000019b   Thumb Code     0  startup_mspm0g350x_uvision.o(.text)
    UART3_IRQHandler                         0x0000019b   Thumb Code     0  startup_mspm0g350x_uvision.o(.text)
    __user_initial_stackheap                 0x0000019d   Thumb Code    10  startup_mspm0g350x_uvision.o(.text)
    __use_two_region_memory                  0x000001bd   Thumb Code     2  heapauxi.o(.text)
    __rt_heap_escrow$2region                 0x000001bf   Thumb Code     2  heapauxi.o(.text)
    __rt_heap_expand$2region                 0x000001c1   Thumb Code     2  heapauxi.o(.text)
    __aeabi_fdiv                             0x000001c5   Thumb Code     0  fdiv.o(.text)
    __divsf3                                 0x000001c5   Thumb Code     0  fdiv.o(.text)
    _fdiv                                    0x000001c5   Thumb Code   334  fdiv.o(.text)
    _frdiv                                   0x00000313   Thumb Code     8  fdiv.o(.text)
    __aeabi_f2iz                             0x00000325   Thumb Code     0  ffixi.o(.text)
    _ffix                                    0x00000325   Thumb Code    76  ffixi.o(.text)
    __aeabi_f2uiz                            0x00000371   Thumb Code     0  ffixui.o(.text)
    _ffixu                                   0x00000371   Thumb Code    48  ffixui.o(.text)
    __aeabi_i2f_normalise                    0x000003a1   Thumb Code    72  fflti.o(.text)
    __aeabi_i2f                              0x000003e9   Thumb Code    16  fflti.o(.text)
    _fflt                                    0x000003e9   Thumb Code     0  fflti.o(.text)
    __aeabi_ui2f                             0x000003f9   Thumb Code     6  fflti.o(.text)
    _ffltu                                   0x000003f9   Thumb Code     0  fflti.o(.text)
    __fpl_fcmp_InfNaN                        0x00000401   Thumb Code    96  fcmpin.o(.text)
    __user_setup_stackheap                   0x00000465   Thumb Code    62  sys_stackheap_outer.o(.text)
    exit                                     0x000004a3   Thumb Code    16  exit.o(.text)
    __fpl_cmpreturn                          0x000004b3   Thumb Code    46  cmpret.o(.text)
    __fpl_fcheck_NaN2                        0x000004e1   Thumb Code    10  fnan2.o(.text)
    __user_libspace                          0x000004f1   Thumb Code     8  libspace.o(.text)
    __user_perproc_libspace                  0x000004f1   Thumb Code     0  libspace.o(.text)
    __user_perthread_libspace                0x000004f1   Thumb Code     0  libspace.o(.text)
    __fpl_return_NaN                         0x000004f9   Thumb Code    94  retnan.o(.text)
    Buzzer_OFF                               0x00000559   Thumb Code    12  buzzer.o(.text.Buzzer_OFF)
    Buzzer_ON                                0x00000569   Thumb Code    12  buzzer.o(.text.Buzzer_ON)
    DL_Common_delayCycles                    0x00000579   Thumb Code    10  dl_common.o(.text.DL_Common_delayCycles)
    DL_Timer_initFourCCPWMMode               0x00000585   Thumb Code   188  dl_timer.o(.text.DL_Timer_initFourCCPWMMode)
    DL_Timer_initTimerMode                   0x00000659   Thumb Code   224  dl_timer.o(.text.DL_Timer_initTimerMode)
    DL_Timer_setCaptCompUpdateMethod         0x00000745   Thumb Code    24  dl_timer.o(.text.DL_Timer_setCaptCompUpdateMethod)
    DL_Timer_setCaptureCompareOutCtl         0x00000761   Thumb Code    20  dl_timer.o(.text.DL_Timer_setCaptureCompareOutCtl)
    DL_Timer_setCaptureCompareValue          0x00000779   Thumb Code    12  dl_timer.o(.text.DL_Timer_setCaptureCompareValue)
    DL_Timer_setClockConfig                  0x00000789   Thumb Code    24  dl_timer.o(.text.DL_Timer_setClockConfig)
    DL_UART_init                             0x000007a5   Thumb Code    64  dl_uart.o(.text.DL_UART_init)
    DL_UART_setClockConfig                   0x000007ed   Thumb Code    18  dl_uart.o(.text.DL_UART_setClockConfig)
    GROUP1_IRQHandler                        0x00000801   Thumb Code   180  encoder.o(.text.GROUP1_IRQHandler)
    Get_Light_TTL                            0x000008c9   Thumb Code   140  gray.o(.text.Get_Light_TTL)
    Gray_Init                                0x00000965   Thumb Code    76  gray.o(.text.Gray_Init)
    Key_GetNum1                              0x000009d1   Thumb Code    56  key.o(.text.Key_GetNum1)
    Key_GetNum2                              0x00000a09   Thumb Code    56  key.o(.text.Key_GetNum2)
    LED_Blue_OFF                             0x00000a45   Thumb Code    12  led.o(.text.LED_Blue_OFF)
    LED_Blue_ON                              0x00000a51   Thumb Code    12  led.o(.text.LED_Blue_ON)
    LED_Green_OFF                            0x00000a5d   Thumb Code    12  led.o(.text.LED_Green_OFF)
    LED_Green_ON                             0x00000a6d   Thumb Code    12  led.o(.text.LED_Green_ON)
    Motor_left_Control                       0x00000a79   Thumb Code    56  motor.o(.text.Motor_left_Control)
    Motor_right_Control                      0x00000ab5   Thumb Code    56  motor.o(.text.Motor_right_Control)
    SYSCFG_DL_GPIO_init                      0x00000af5   Thumb Code   184  ti_msp_dl_config.o(.text.SYSCFG_DL_GPIO_init)
    SYSCFG_DL_PWM_init                       0x00000be1   Thumb Code   116  ti_msp_dl_config.o(.text.SYSCFG_DL_PWM_init)
    SYSCFG_DL_SYSCTL_init                    0x00000c6d   Thumb Code    64  ti_msp_dl_config.o(.text.SYSCFG_DL_SYSCTL_init)
    SYSCFG_DL_SYSTICK_init                   0x00000cb9   Thumb Code    24  ti_msp_dl_config.o(.text.SYSCFG_DL_SYSTICK_init)
    SYSCFG_DL_TIMER_0_init                   0x00000cd5   Thumb Code    48  ti_msp_dl_config.o(.text.SYSCFG_DL_TIMER_0_init)
    SYSCFG_DL_TIMER_1_init                   0x00000d19   Thumb Code    52  ti_msp_dl_config.o(.text.SYSCFG_DL_TIMER_1_init)
    SYSCFG_DL_UART_2_init                    0x00000d65   Thumb Code    88  ti_msp_dl_config.o(.text.SYSCFG_DL_UART_2_init)
    SYSCFG_DL_init                           0x00000dd5   Thumb Code    52  ti_msp_dl_config.o(.text.SYSCFG_DL_init)
    SYSCFG_DL_initPower                      0x00000e11   Thumb Code    52  ti_msp_dl_config.o(.text.SYSCFG_DL_initPower)
    SoundLight                               0x00000e65   Thumb Code    28  position.o(.text.SoundLight)
    TIMA0_IRQHandler                         0x00000e85   Thumb Code    20  empty.o(.text.TIMA0_IRQHandler)
    TIMG0_IRQHandler                         0x00000e9d   Thumb Code    36  empty.o(.text.TIMG0_IRQHandler)
    Task_1                                   0x00000ec5   Thumb Code   152  task.o(.text.Task_1)
    Task_2                                   0x00000f61   Thumb Code   472  task.o(.text.Task_2)
    Task_3                                   0x00001185   Thumb Code   984  task.o(.text.Task_3)
    Task_4                                   0x000015cd   Thumb Code  1036  task.o(.text.Task_4)
    UART2_IRQHandler                         0x00001a4d   Thumb Code    32  board.o(.text.UART2_IRQHandler)
    UpdateSoundLight                         0x00001a79   Thumb Code    40  position.o(.text.UpdateSoundLight)
    _sys_exit                                0x00001aa9   Thumb Code     2  board.o(.text._sys_exit)
    angle_pid_control                        0x00001aad   Thumb Code   172  pid.o(.text.angle_pid_control)
    board_init                               0x00001b71   Thumb Code    20  board.o(.text.board_init)
    delay_ms                                 0x00001b85   Thumb Code    68  board.o(.text.delay_ms)
    distance                                 0x00001bcd   Thumb Code    44  distance.o(.text.distance)
    encoder_Init                             0x00001c0d   Thumb Code    16  encoder.o(.text.encoder_Init)
    initialize                               0x00001c25   Thumb Code    88  position.o(.text.initialize)
    jy901s_ReceiveData                       0x00001c89   Thumb Code   232  jy901s.o(.text.jy901s_ReceiveData)
    main                                     0x00001d8d   Thumb Code   192  empty.o(.text.main)
    motor_stop                               0x00001e75   Thumb Code    24  motor.o(.text.motor_stop)
    pid_Init                                 0x00001e91   Thumb Code    14  pid.o(.text.pid_Init)
    pid_cal                                  0x00001e9f   Thumb Code   190  pid.o(.text.pid_cal)
    speed_pid_control                        0x00001f5d   Thumb Code    20  pid.o(.text.speed_pid_control)
    timerA_init                              0x00001f79   Thumb Code    16  timer.o(.text.timerA_init)
    timerG_init                              0x00001f89   Thumb Code    16  timer.o(.text.timerG_init)
    track_pid_control                        0x00001fa1   Thumb Code   200  pid.o(.text.track_pid_control)
    __aeabi_uidiv                            0x0000209d   Thumb Code    68  aeabi_sdivfast.o(.text_divfast)
    __aeabi_idiv                             0x000020e1   Thumb Code   434  aeabi_sdivfast.o(.text_divfast)
    __aeabi_fcmpge                           0x00002293   Thumb Code     0  fcmp.o(i._fgeq)
    _fgeq                                    0x00002293   Thumb Code    22  fcmp.o(i._fgeq)
    __aeabi_fcmpgt                           0x000022a9   Thumb Code     0  fcmp.o(i._fgr)
    _fgr                                     0x000022a9   Thumb Code    22  fcmp.o(i._fgr)
    __aeabi_fcmple                           0x000022bf   Thumb Code     0  fcmp.o(i._fleq)
    _fleq                                    0x000022bf   Thumb Code    26  fcmp.o(i._fleq)
    __aeabi_fadd                             0x000022d9   Thumb Code     0  faddsub.o(x$fpl$fadd)
    _fadd                                    0x000022d9   Thumb Code   134  faddsub.o(x$fpl$fadd)
    _fcmpge                                  0x00002365   Thumb Code    78  fgef.o(x$fpl$fgeqf)
    __aeabi_cfcmple                          0x000023b9   Thumb Code     0  flef.o(x$fpl$fleqf)
    _fcmple                                  0x000023b9   Thumb Code    78  flef.o(x$fpl$fleqf)
    __aeabi_fmul                             0x0000240d   Thumb Code     0  fmul.o(x$fpl$fmul)
    _fmul                                    0x0000240d   Thumb Code   172  fmul.o(x$fpl$fmul)
    __aeabi_fsub                             0x000024bd   Thumb Code     0  faddsub.o(x$fpl$fsub)
    _fsub                                    0x000024bd   Thumb Code   204  faddsub.o(x$fpl$fsub)
    __I$use$fp                               0x0000258c   Number         0  usenofp.o(x$fpl$usenofp)
    Region$$Table$$Base                      0x00002618   Number         0  anon$$obj.o(Region$$Table)
    Region$$Table$$Limit                     0x00002638   Number         0  anon$$obj.o(Region$$Table)
    Wheel_count                              0x20200000   Data           4  distance.o(.data.Wheel_count)
    dis1                                     0x20200004   Data           4  distance.o(.data.dis1)
    dis2                                     0x20200008   Data           4  distance.o(.data.dis2)
    motor_left_dir                           0x2020000c   Data           1  pid.o(.data.motor_left_dir)
    motor_right_dir                          0x2020000d   Data           1  pid.o(.data.motor_right_dir)
    __libspace_start                         0x20200010   Data          96  libspace.o(.bss)
    Get_Encoder_countA                       0x20200070   Data           4  encoder.o(.bss.Get_Encoder_countA)
    __temporary_stack_top$libspace           0x20200070   Data           0  libspace.o(.bss)
    Get_Encoder_countB                       0x20200074   Data           4  encoder.o(.bss.Get_Encoder_countB)
    Key1                                     0x20200078   Data           1  empty.o(.bss.Key1)
    Key2                                     0x20200079   Data           1  empty.o(.bss.Key2)
    L1                                       0x2020007a   Data           1  gray.o(.bss.L1)
    L2                                       0x2020007b   Data           1  gray.o(.bss.L2)
    L3                                       0x2020007c   Data           1  gray.o(.bss.L3)
    LineFlagCNT                              0x2020007e   Data           2  gray.o(.bss.LineFlagCNT)
    Line_flag                                0x20200080   Data           2  gray.o(.bss.Line_flag)
    M                                        0x20200082   Data           1  gray.o(.bss.M)
    Pitch                                    0x20200084   Data           4  jy901s.o(.bss.Pitch)
    R1                                       0x20200088   Data           1  gray.o(.bss.R1)
    R2                                       0x20200089   Data           1  gray.o(.bss.R2)
    R3                                       0x2020008a   Data           1  gray.o(.bss.R3)
    Roll                                     0x2020008c   Data           4  jy901s.o(.bss.Roll)
    SoundLight_flag                          0x2020009d   Data           1  position.o(.bss.SoundLight_flag)
    SoundLight_time                          0x2020009e   Data           2  position.o(.bss.SoundLight_time)
    Task                                     0x202000a0   Data           1  empty.o(.bss.Task)
    Task4_CNT                                0x202000a1   Data           1  task.o(.bss.Task4_CNT)
    Yaw                                      0x202000a4   Data           4  jy901s.o(.bss.Yaw)
    angle                                    0x202000a8   Data          52  pid.o(.bss.angle)
    angle_initial                            0x202000dc   Data           4  position.o(.bss.angle_initial)
    baisetime                                0x202000e0   Data           2  gray.o(.bss.baisetime)
    basespeed                                0x202000e4   Data           4  empty.o(.bss.basespeed)
    carL_dis                                 0x202000e8   Data           4  distance.o(.bss.carL_dis)
    carR_dis                                 0x202000ec   Data           4  distance.o(.bss.carR_dis)
    currentValue                             0x202000f0   Data           1  pid.o(.bss.currentValue)
    first_flag                               0x202000f1   Data           1  empty.o(.bss.first_flag)
    gPWMBackup                               0x202000f4   Data         160  ti_msp_dl_config.o(.bss.gPWMBackup)
    gTIMER_0Backup                           0x20200194   Data         188  ti_msp_dl_config.o(.bss.gTIMER_0Backup)
    motorA                                   0x20200250   Data          52  pid.o(.bss.motorA)
    motorB                                   0x20200284   Data          52  pid.o(.bss.motorB)
    recv0_flag                               0x202002b8   Data           1  board.o(.bss.recv0_flag)
    start_flag                               0x202002b9   Data           1  empty.o(.bss.start_flag)
    targetValue                              0x202002ba   Data           2  pid.o(.bss.targetValue)
    trackLine                                0x202002bc   Data          52  pid.o(.bss.trackLine)
    turn_flag                                0x202002f0   Data           1  task.o(.bss.turn_flag)
    turn_time                                0x202002f2   Data           2  task.o(.bss.turn_time)
    workstep                                 0x202002f4   Data           1  task.o(.bss.workstep)



==============================================================================

Memory Map of the image

  Image Entry point : 0x000000c1

  Load Region LR_IROM1 (Base: 0x00000000, Size: 0x00002648, Max: 0x00020000, ABSOLUTE)

    Execution Region ER_IROM1 (Exec base: 0x00000000, Load base: 0x00000000, Size: 0x00002638, Max: 0x00020000, ABSOLUTE)

    Exec Addr    Load Addr    Size         Type   Attr      Idx    E Section Name        Object

    0x00000000   0x00000000   0x000000c0   Data   RO          256    RESET               startup_mspm0g350x_uvision.o
    0x000000c0   0x000000c0   0x00000008   Code   RO         1027  * !!!main             c_p.l(__main.o)
    0x000000c8   0x000000c8   0x00000054   Code   RO         1256    !!!scatter          c_p.l(__scatter.o)
    0x0000011c   0x0000011c   0x00000004   PAD
    0x00000120   0x00000120   0x0000001a   Code   RO         1260    !!handler_copy      c_p.l(__scatter_copy.o)
    0x0000013a   0x0000013a   0x00000006   PAD
    0x00000140   0x00000140   0x00000002   Code   RO         1257    !!handler_null      c_p.l(__scatter.o)
    0x00000142   0x00000142   0x00000006   PAD
    0x00000148   0x00000148   0x0000001c   Code   RO         1262    !!handler_zi        c_p.l(__scatter_zi.o)
    0x00000164   0x00000164   0x00000002   Code   RO         1115    .ARM.Collect$$libinit$$00000000  c_p.l(libinit.o)
    0x00000166   0x00000166   0x00000000   Code   RO         1133    .ARM.Collect$$libinit$$00000002  c_p.l(libinit2.o)
    0x00000166   0x00000166   0x00000000   Code   RO         1135    .ARM.Collect$$libinit$$00000004  c_p.l(libinit2.o)
    0x00000166   0x00000166   0x00000000   Code   RO         1137    .ARM.Collect$$libinit$$00000006  c_p.l(libinit2.o)
    0x00000166   0x00000166   0x00000000   Code   RO         1140    .ARM.Collect$$libinit$$0000000C  c_p.l(libinit2.o)
    0x00000166   0x00000166   0x00000000   Code   RO         1142    .ARM.Collect$$libinit$$0000000E  c_p.l(libinit2.o)
    0x00000166   0x00000166   0x00000000   Code   RO         1144    .ARM.Collect$$libinit$$00000010  c_p.l(libinit2.o)
    0x00000166   0x00000166   0x00000000   Code   RO         1147    .ARM.Collect$$libinit$$00000013  c_p.l(libinit2.o)
    0x00000166   0x00000166   0x00000000   Code   RO         1149    .ARM.Collect$$libinit$$00000015  c_p.l(libinit2.o)
    0x00000166   0x00000166   0x00000000   Code   RO         1151    .ARM.Collect$$libinit$$00000017  c_p.l(libinit2.o)
    0x00000166   0x00000166   0x00000000   Code   RO         1153    .ARM.Collect$$libinit$$00000019  c_p.l(libinit2.o)
    0x00000166   0x00000166   0x00000000   Code   RO         1155    .ARM.Collect$$libinit$$0000001B  c_p.l(libinit2.o)
    0x00000166   0x00000166   0x00000000   Code   RO         1157    .ARM.Collect$$libinit$$0000001D  c_p.l(libinit2.o)
    0x00000166   0x00000166   0x00000000   Code   RO         1159    .ARM.Collect$$libinit$$0000001F  c_p.l(libinit2.o)
    0x00000166   0x00000166   0x00000000   Code   RO         1161    .ARM.Collect$$libinit$$00000021  c_p.l(libinit2.o)
    0x00000166   0x00000166   0x00000000   Code   RO         1163    .ARM.Collect$$libinit$$00000023  c_p.l(libinit2.o)
    0x00000166   0x00000166   0x00000000   Code   RO         1165    .ARM.Collect$$libinit$$00000025  c_p.l(libinit2.o)
    0x00000166   0x00000166   0x00000000   Code   RO         1167    .ARM.Collect$$libinit$$00000027  c_p.l(libinit2.o)
    0x00000166   0x00000166   0x00000000   Code   RO         1171    .ARM.Collect$$libinit$$0000002E  c_p.l(libinit2.o)
    0x00000166   0x00000166   0x00000000   Code   RO         1173    .ARM.Collect$$libinit$$00000030  c_p.l(libinit2.o)
    0x00000166   0x00000166   0x00000000   Code   RO         1175    .ARM.Collect$$libinit$$00000032  c_p.l(libinit2.o)
    0x00000166   0x00000166   0x00000000   Code   RO         1177    .ARM.Collect$$libinit$$00000034  c_p.l(libinit2.o)
    0x00000166   0x00000166   0x00000002   Code   RO         1178    .ARM.Collect$$libinit$$00000035  c_p.l(libinit2.o)
    0x00000168   0x00000168   0x00000002   Code   RO         1208    .ARM.Collect$$libshutdown$$00000000  c_p.l(libshutdown.o)
    0x0000016a   0x0000016a   0x00000000   Code   RO         1239    .ARM.Collect$$libshutdown$$00000002  c_p.l(libshutdown2.o)
    0x0000016a   0x0000016a   0x00000000   Code   RO         1241    .ARM.Collect$$libshutdown$$00000004  c_p.l(libshutdown2.o)
    0x0000016a   0x0000016a   0x00000000   Code   RO         1244    .ARM.Collect$$libshutdown$$00000007  c_p.l(libshutdown2.o)
    0x0000016a   0x0000016a   0x00000000   Code   RO         1247    .ARM.Collect$$libshutdown$$0000000A  c_p.l(libshutdown2.o)
    0x0000016a   0x0000016a   0x00000000   Code   RO         1249    .ARM.Collect$$libshutdown$$0000000C  c_p.l(libshutdown2.o)
    0x0000016a   0x0000016a   0x00000000   Code   RO         1252    .ARM.Collect$$libshutdown$$0000000F  c_p.l(libshutdown2.o)
    0x0000016a   0x0000016a   0x00000002   Code   RO         1253    .ARM.Collect$$libshutdown$$00000010  c_p.l(libshutdown2.o)
    0x0000016c   0x0000016c   0x00000000   Code   RO         1070    .ARM.Collect$$rtentry$$00000000  c_p.l(__rtentry.o)
    0x0000016c   0x0000016c   0x00000000   Code   RO         1083    .ARM.Collect$$rtentry$$00000002  c_p.l(__rtentry2.o)
    0x0000016c   0x0000016c   0x00000006   Code   RO         1095    .ARM.Collect$$rtentry$$00000004  c_p.l(__rtentry4.o)
    0x00000172   0x00000172   0x00000000   Code   RO         1085    .ARM.Collect$$rtentry$$00000009  c_p.l(__rtentry2.o)
    0x00000172   0x00000172   0x00000004   Code   RO         1086    .ARM.Collect$$rtentry$$0000000A  c_p.l(__rtentry2.o)
    0x00000176   0x00000176   0x00000000   Code   RO         1088    .ARM.Collect$$rtentry$$0000000C  c_p.l(__rtentry2.o)
    0x00000176   0x00000176   0x00000008   Code   RO         1089    .ARM.Collect$$rtentry$$0000000D  c_p.l(__rtentry2.o)
    0x0000017e   0x0000017e   0x00000002   Code   RO         1124    .ARM.Collect$$rtexit$$00000000  c_p.l(rtexit.o)
    0x00000180   0x00000180   0x00000000   Code   RO         1182    .ARM.Collect$$rtexit$$00000002  c_p.l(rtexit2.o)
    0x00000180   0x00000180   0x00000004   Code   RO         1183    .ARM.Collect$$rtexit$$00000003  c_p.l(rtexit2.o)
    0x00000184   0x00000184   0x00000006   Code   RO         1184    .ARM.Collect$$rtexit$$00000004  c_p.l(rtexit2.o)
    0x0000018a   0x0000018a   0x00000002   PAD
    0x0000018c   0x0000018c   0x00000030   Code   RO          257    .text               startup_mspm0g350x_uvision.o
    0x000001bc   0x000001bc   0x00000006   Code   RO         1025    .text               c_p.l(heapauxi.o)
    0x000001c2   0x000001c2   0x00000002   PAD
    0x000001c4   0x000001c4   0x00000160   Code   RO         1059    .text               fz_ps.l(fdiv.o)
    0x00000324   0x00000324   0x0000004c   Code   RO         1062    .text               fz_ps.l(ffixi.o)
    0x00000370   0x00000370   0x00000030   Code   RO         1064    .text               fz_ps.l(ffixui.o)
    0x000003a0   0x000003a0   0x0000005e   Code   RO         1066    .text               fz_ps.l(fflti.o)
    0x000003fe   0x000003fe   0x00000002   PAD
    0x00000400   0x00000400   0x00000064   Code   RO         1099    .text               fz_ps.l(fcmpin.o)
    0x00000464   0x00000464   0x0000003e   Code   RO         1101    .text               c_p.l(sys_stackheap_outer.o)
    0x000004a2   0x000004a2   0x00000010   Code   RO         1104    .text               c_p.l(exit.o)
    0x000004b2   0x000004b2   0x0000002e   Code   RO         1116    .text               fz_ps.l(cmpret.o)
    0x000004e0   0x000004e0   0x00000010   Code   RO         1118    .text               fz_ps.l(fnan2.o)
    0x000004f0   0x000004f0   0x00000008   Code   RO         1120    .text               c_p.l(libspace.o)
    0x000004f8   0x000004f8   0x0000005e   Code   RO         1179    .text               fz_ps.l(retnan.o)
    0x00000556   0x00000556   0x00000002   PAD
    0x00000558   0x00000558   0x00000010   Code   RO           61    .text.Buzzer_OFF    buzzer.o
    0x00000568   0x00000568   0x00000010   Code   RO           63    .text.Buzzer_ON     buzzer.o
    0x00000578   0x00000578   0x0000000a   Code   RO          958    .text.DL_Common_delayCycles  dl_common.o
    0x00000582   0x00000582   0x00000002   PAD
    0x00000584   0x00000584   0x000000d4   Code   RO          392    .text.DL_Timer_initFourCCPWMMode  dl_timer.o
    0x00000658   0x00000658   0x000000ec   Code   RO          374    .text.DL_Timer_initTimerMode  dl_timer.o
    0x00000744   0x00000744   0x0000001c   Code   RO          406    .text.DL_Timer_setCaptCompUpdateMethod  dl_timer.o
    0x00000760   0x00000760   0x00000018   Code   RO          396    .text.DL_Timer_setCaptureCompareOutCtl  dl_timer.o
    0x00000778   0x00000778   0x00000010   Code   RO          376    .text.DL_Timer_setCaptureCompareValue  dl_timer.o
    0x00000788   0x00000788   0x0000001c   Code   RO          370    .text.DL_Timer_setClockConfig  dl_timer.o
    0x000007a4   0x000007a4   0x00000048   Code   RO          318    .text.DL_UART_init  dl_uart.o
    0x000007ec   0x000007ec   0x00000012   Code   RO          320    .text.DL_UART_setClockConfig  dl_uart.o
    0x000007fe   0x000007fe   0x00000002   PAD
    0x00000800   0x00000800   0x000000c8   Code   RO           92    .text.GROUP1_IRQHandler  encoder.o
    0x000008c8   0x000008c8   0x0000009c   Code   RO          117    .text.Get_Light_TTL  gray.o
    0x00000964   0x00000964   0x0000006c   Code   RO          115    .text.Gray_Init     gray.o
    0x000009d0   0x000009d0   0x00000038   Code   RO            2    .text.Key_GetNum1   key.o
    0x00000a08   0x00000a08   0x0000003c   Code   RO            4    .text.Key_GetNum2   key.o
    0x00000a44   0x00000a44   0x0000000c   Code   RO           16    .text.LED_Blue_OFF  led.o
    0x00000a50   0x00000a50   0x0000000c   Code   RO           14    .text.LED_Blue_ON   led.o
    0x00000a5c   0x00000a5c   0x00000010   Code   RO           20    .text.LED_Green_OFF  led.o
    0x00000a6c   0x00000a6c   0x0000000c   Code   RO           18    .text.LED_Green_ON  led.o
    0x00000a78   0x00000a78   0x0000003c   Code   RO           76    .text.Motor_left_Control  motor.o
    0x00000ab4   0x00000ab4   0x00000040   Code   RO           78    .text.Motor_right_Control  motor.o
    0x00000af4   0x00000af4   0x000000ec   Code   RO          268    .text.SYSCFG_DL_GPIO_init  ti_msp_dl_config.o
    0x00000be0   0x00000be0   0x0000008c   Code   RO          272    .text.SYSCFG_DL_PWM_init  ti_msp_dl_config.o
    0x00000c6c   0x00000c6c   0x0000004c   Code   RO          270    .text.SYSCFG_DL_SYSCTL_init  ti_msp_dl_config.o
    0x00000cb8   0x00000cb8   0x0000001c   Code   RO          280    .text.SYSCFG_DL_SYSTICK_init  ti_msp_dl_config.o
    0x00000cd4   0x00000cd4   0x00000044   Code   RO          274    .text.SYSCFG_DL_TIMER_0_init  ti_msp_dl_config.o
    0x00000d18   0x00000d18   0x0000004c   Code   RO          276    .text.SYSCFG_DL_TIMER_1_init  ti_msp_dl_config.o
    0x00000d64   0x00000d64   0x00000070   Code   RO          278    .text.SYSCFG_DL_UART_2_init  ti_msp_dl_config.o
    0x00000dd4   0x00000dd4   0x0000003c   Code   RO          264    .text.SYSCFG_DL_init  ti_msp_dl_config.o
    0x00000e10   0x00000e10   0x00000054   Code   RO          266    .text.SYSCFG_DL_initPower  ti_msp_dl_config.o
    0x00000e64   0x00000e64   0x00000020   Code   RO          187    .text.SoundLight    position.o
    0x00000e84   0x00000e84   0x00000018   Code   RO          237    .text.TIMA0_IRQHandler  empty.o
    0x00000e9c   0x00000e9c   0x00000028   Code   RO          239    .text.TIMG0_IRQHandler  empty.o
    0x00000ec4   0x00000ec4   0x0000009c   Code   RO          201    .text.Task_1        task.o
    0x00000f60   0x00000f60   0x00000224   Code   RO          203    .text.Task_2        task.o
    0x00001184   0x00001184   0x00000448   Code   RO          205    .text.Task_3        task.o
    0x000015cc   0x000015cc   0x00000480   Code   RO          207    .text.Task_4        task.o
    0x00001a4c   0x00001a4c   0x0000002c   Code   RO           47    .text.UART2_IRQHandler  board.o
    0x00001a78   0x00001a78   0x00000030   Code   RO          189    .text.UpdateSoundLight  position.o
    0x00001aa8   0x00001aa8   0x00000002   Code   RO           43    .text._sys_exit     board.o
    0x00001aaa   0x00001aaa   0x00000002   PAD
    0x00001aac   0x00001aac   0x000000c4   Code   RO          163    .text.angle_pid_control  pid.o
    0x00001b70   0x00001b70   0x00000014   Code   RO           29    .text.board_init    board.o
    0x00001b84   0x00001b84   0x00000048   Code   RO           33    .text.delay_ms      board.o
    0x00001bcc   0x00001bcc   0x00000040   Code   RO          220    .text.distance      distance.o
    0x00001c0c   0x00001c0c   0x00000018   Code   RO           90    .text.encoder_Init  encoder.o
    0x00001c24   0x00001c24   0x00000064   Code   RO          185    .text.initialize    position.o
    0x00001c88   0x00001c88   0x00000104   Code   RO          136    .text.jy901s_ReceiveData  jy901s.o
    0x00001d8c   0x00001d8c   0x000000e8   Code   RO          235    .text.main          empty.o
    0x00001e74   0x00001e74   0x0000001c   Code   RO           80    .text.motor_stop    motor.o
    0x00001e90   0x00001e90   0x0000000e   Code   RO          151    .text.pid_Init      pid.o
    0x00001e9e   0x00001e9e   0x000000be   Code   RO          153    .text.pid_cal       pid.o
    0x00001f5c   0x00001f5c   0x0000001c   Code   RO          157    .text.speed_pid_control  pid.o
    0x00001f78   0x00001f78   0x00000010   Code   RO          104    .text.timerA_init   timer.o
    0x00001f88   0x00001f88   0x00000018   Code   RO          106    .text.timerG_init   timer.o
    0x00001fa0   0x00001fa0   0x000000fc   Code   RO          161    .text.track_pid_control  pid.o
    0x0000209c   0x0000209c   0x000001f6   Code   RO         1018    .text_divfast       c_p.l(aeabi_sdivfast.o)
    0x00002292   0x00002292   0x00000016   Code   RO         1042    i._fgeq             fz_ps.l(fcmp.o)
    0x000022a8   0x000022a8   0x00000016   Code   RO         1043    i._fgr              fz_ps.l(fcmp.o)
    0x000022be   0x000022be   0x0000001a   Code   RO         1044    i._fleq             fz_ps.l(fcmp.o)
    0x000022d8   0x000022d8   0x0000008c   Code   RO         1029    x$fpl$fadd          fz_ps.l(faddsub.o)
    0x00002364   0x00002364   0x00000054   Code   RO         1077    x$fpl$fgeqf         fz_ps.l(fgef.o)
    0x000023b8   0x000023b8   0x00000054   Code   RO         1079    x$fpl$fleqf         fz_ps.l(flef.o)
    0x0000240c   0x0000240c   0x000000b0   Code   RO         1068    x$fpl$fmul          fz_ps.l(fmul.o)
    0x000024bc   0x000024bc   0x000000d0   Code   RO         1031    x$fpl$fsub          fz_ps.l(faddsub.o)
    0x0000258c   0x0000258c   0x00000000   Code   RO         1081    x$fpl$usenofp       fz_ps.l(usenofp.o)
    0x0000258c   0x0000258c   0x00000040   Data   RO         1060    .constdata          fz_ps.l(fdiv.o)
    0x000025cc   0x000025cc   0x00000003   Data   RO          288    .rodata.gPWMClockConfig  ti_msp_dl_config.o
    0x000025cf   0x000025cf   0x00000001   PAD
    0x000025d0   0x000025d0   0x00000008   Data   RO          289    .rodata.gPWMConfig  ti_msp_dl_config.o
    0x000025d8   0x000025d8   0x00000003   Data   RO          290    .rodata.gTIMER_0ClockConfig  ti_msp_dl_config.o
    0x000025db   0x000025db   0x00000001   PAD
    0x000025dc   0x000025dc   0x00000014   Data   RO          291    .rodata.gTIMER_0TimerConfig  ti_msp_dl_config.o
    0x000025f0   0x000025f0   0x00000003   Data   RO          292    .rodata.gTIMER_1ClockConfig  ti_msp_dl_config.o
    0x000025f3   0x000025f3   0x00000001   PAD
    0x000025f4   0x000025f4   0x00000014   Data   RO          293    .rodata.gTIMER_1TimerConfig  ti_msp_dl_config.o
    0x00002608   0x00002608   0x00000002   Data   RO          294    .rodata.gUART_2ClockConfig  ti_msp_dl_config.o
    0x0000260a   0x0000260a   0x0000000a   Data   RO          295    .rodata.gUART_2Config  ti_msp_dl_config.o
    0x00002614   0x00002614   0x00000004   PAD
    0x00002618   0x00002618   0x00000020   Data   RO         1255    Region$$Table       anon$$obj.o


    Execution Region RW_IRAM2 (Exec base: 0x20200000, Load base: 0x00002638, Size: 0x000016f8, Max: 0x00008000, ABSOLUTE)

    Exec Addr    Load Addr    Size         Type   Attr      Idx    E Section Name        Object

    0x20200000   0x00002638   0x00000004   Data   RW          224    .data.Wheel_count   distance.o
    0x20200004   0x0000263c   0x00000004   Data   RW          227    .data.dis1          distance.o
    0x20200008   0x00002640   0x00000004   Data   RW          228    .data.dis2          distance.o
    0x2020000c   0x00002644   0x00000001   Data   RW          165    .data.motor_left_dir  pid.o
    0x2020000d   0x00002645   0x00000001   Data   RW          166    .data.motor_right_dir  pid.o
    0x2020000e   0x00002646   0x00000002   PAD
    0x20200010        -       0x00000060   Zero   RW         1121    .bss                c_p.l(libspace.o)
    0x20200070        -       0x00000004   Zero   RW           94    .bss.Get_Encoder_countA  encoder.o
    0x20200074        -       0x00000004   Zero   RW           95    .bss.Get_Encoder_countB  encoder.o
    0x20200078        -       0x00000001   Zero   RW          241    .bss.Key1           empty.o
    0x20200079        -       0x00000001   Zero   RW          242    .bss.Key2           empty.o
    0x2020007a        -       0x00000001   Zero   RW          126    .bss.L1             gray.o
    0x2020007b        -       0x00000001   Zero   RW          127    .bss.L2             gray.o
    0x2020007c        -       0x00000001   Zero   RW          128    .bss.L3             gray.o
    0x2020007d   0x00002646   0x00000001   PAD
    0x2020007e        -       0x00000002   Zero   RW          121    .bss.LineFlagCNT    gray.o
    0x20200080        -       0x00000002   Zero   RW          120    .bss.Line_flag      gray.o
    0x20200082        -       0x00000001   Zero   RW          125    .bss.M              gray.o
    0x20200083   0x00002646   0x00000001   PAD
    0x20200084        -       0x00000004   Zero   RW          142    .bss.Pitch          jy901s.o
    0x20200088        -       0x00000001   Zero   RW          124    .bss.R1             gray.o
    0x20200089        -       0x00000001   Zero   RW          123    .bss.R2             gray.o
    0x2020008a        -       0x00000001   Zero   RW          122    .bss.R3             gray.o
    0x2020008b   0x00002646   0x00000001   PAD
    0x2020008c        -       0x00000004   Zero   RW          141    .bss.Roll           jy901s.o
    0x20200090        -       0x0000000b   Zero   RW          139    .bss.RxBuffer       jy901s.o
    0x2020009b        -       0x00000001   Zero   RW          140    .bss.RxIndex        jy901s.o
    0x2020009c        -       0x00000001   Zero   RW          138    .bss.RxState        jy901s.o
    0x2020009d        -       0x00000001   Zero   RW          191    .bss.SoundLight_flag  position.o
    0x2020009e        -       0x00000002   Zero   RW          192    .bss.SoundLight_time  position.o
    0x202000a0        -       0x00000001   Zero   RW          243    .bss.Task           empty.o
    0x202000a1        -       0x00000001   Zero   RW          212    .bss.Task4_CNT      task.o
    0x202000a2   0x00002646   0x00000002   PAD
    0x202000a4        -       0x00000004   Zero   RW          143    .bss.Yaw            jy901s.o
    0x202000a8        -       0x00000034   Zero   RW          176    .bss.angle          pid.o
    0x202000dc        -       0x00000004   Zero   RW          193    .bss.angle_initial  position.o
    0x202000e0        -       0x00000002   Zero   RW          119    .bss.baisetime      gray.o
    0x202000e2   0x00002646   0x00000002   PAD
    0x202000e4        -       0x00000004   Zero   RW          246    .bss.basespeed      empty.o
    0x202000e8        -       0x00000004   Zero   RW          225    .bss.carL_dis       distance.o
    0x202000ec        -       0x00000004   Zero   RW          226    .bss.carR_dis       distance.o
    0x202000f0        -       0x00000001   Zero   RW          172    .bss.currentValue   pid.o
    0x202000f1        -       0x00000001   Zero   RW          245    .bss.first_flag     empty.o
    0x202000f2   0x00002646   0x00000002   PAD
    0x202000f4        -       0x000000a0   Zero   RW          286    .bss.gPWMBackup     ti_msp_dl_config.o
    0x20200194        -       0x000000bc   Zero   RW          287    .bss.gTIMER_0Backup  ti_msp_dl_config.o
    0x20200250        -       0x00000034   Zero   RW          173    .bss.motorA         pid.o
    0x20200284        -       0x00000034   Zero   RW          174    .bss.motorB         pid.o
    0x202002b8        -       0x00000001   Zero   RW           51    .bss.recv0_flag     board.o
    0x202002b9        -       0x00000001   Zero   RW          244    .bss.start_flag     empty.o
    0x202002ba        -       0x00000002   Zero   RW          171    .bss.targetValue    pid.o
    0x202002bc        -       0x00000034   Zero   RW          175    .bss.trackLine      pid.o
    0x202002f0        -       0x00000001   Zero   RW          211    .bss.turn_flag      task.o
    0x202002f1   0x00002646   0x00000001   PAD
    0x202002f2        -       0x00000002   Zero   RW          210    .bss.turn_time      task.o
    0x202002f4        -       0x00000001   Zero   RW          209    .bss.workstep       task.o
    0x202002f5   0x00002646   0x00000003   PAD
    0x202002f8        -       0x00001000   Zero   RW          255    HEAP                startup_mspm0g350x_uvision.o
    0x202012f8        -       0x00000400   Zero   RW          254    STACK               startup_mspm0g350x_uvision.o



  Load Region LR_BCR (Base: 0x41c00000, Size: 0x00000000, Max: 0x00000100, ABSOLUTE)

    Execution Region BCR_CONFIG (Exec base: 0x41c00000, Load base: 0x41c00000, Size: 0x00000000, Max: 0x00000080, ABSOLUTE)

    **** No section assigned to this execution region ****



  Load Region LR_BSL (Base: 0x41c00100, Size: 0x00000000, Max: 0x00000100, ABSOLUTE)

    Execution Region BSL_CONFIG (Exec base: 0x41c00100, Load base: 0x41c00100, Size: 0x00000000, Max: 0x00000080, ABSOLUTE)

    **** No section assigned to this execution region ****


==============================================================================

Image component sizes


      Code (inc. data)   RO Data    RW Data    ZI Data      Debug   Object Name

       138         16          0          0          1       9298   board.o
        32          8          0          0          0       3602   buzzer.o
        64         20          0         12          8        650   distance.o
        10          0          0          0          0        610   dl_common.o
       544        192          0          0          0      32095   dl_timer.o
        90          8          0          0          0      14530   dl_uart.o
       296         52          0          0          9       4545   empty.o
       224         28          0          0          8       5803   encoder.o
       264         48          0          0         13       4252   gray.o
       260         28          0          0         25       1399   jy901s.o
       116          4          0          0          0       4163   key.o
        52          4          0          0          0       3855   led.o
       152         16          0          0          0       6465   motor.o
       680         84          0          2        211       3304   pid.o
       180         24          0          0          7       1084   position.o
        48         22        192          0       5120        700   startup_mspm0g350x_uvision.o
      2952        332          0          0          5       3015   task.o
       880        200         69          0        348      26464   ti_msp_dl_config.o
        40          8          0          0          0       2312   timer.o

    ----------------------------------------------------------------------
      7028       1094        300         16       5768     128146   Object Totals
         0          0         32          0          0          0   (incl. Generated)
         6          0          7          2         13          0   (incl. Padding)

    ----------------------------------------------------------------------

      Code (inc. data)   RO Data    RW Data    ZI Data      Debug   Library Member Name

         8          0          0          0          0         68   __main.o
         0          0          0          0          0          0   __rtentry.o
        12          0          0          0          0          0   __rtentry2.o
         6          0          0          0          0          0   __rtentry4.o
        86         10          0          0          0          0   __scatter.o
        26          0          0          0          0          0   __scatter_copy.o
        28          0          0          0          0          0   __scatter_zi.o
       502          0          0          0          0         92   aeabi_sdivfast.o
        16          0          0          0          0         68   exit.o
         6          0          0          0          0        136   heapauxi.o
         2          0          0          0          0          0   libinit.o
         2          0          0          0          0          0   libinit2.o
         2          0          0          0          0          0   libshutdown.o
         2          0          0          0          0          0   libshutdown2.o
         8          4          0          0         96         68   libspace.o
         2          0          0          0          0          0   rtexit.o
        10          0          0          0          0          0   rtexit2.o
        62          0          0          0          0         80   sys_stackheap_outer.o
        46          0          0          0          0         60   cmpret.o
       348          8          0          0          0        160   faddsub.o
        70          0          0          0          0        204   fcmp.o
       100          4          0          0          0         68   fcmpin.o
       352         10         64          0          0         92   fdiv.o
        76          0          0          0          0         68   ffixi.o
        48          0          0          0          0         60   ffixui.o
        94          0          0          0          0         92   fflti.o
        84          4          0          0          0         76   fgef.o
        84          4          0          0          0         76   flef.o
       176          4          0          0          0         80   fmul.o
        16          6          0          0          0         68   fnan2.o
        94          0          0          0          0         68   retnan.o
         0          0          0          0          0          0   usenofp.o

    ----------------------------------------------------------------------
      2392         58         64          0         96       1684   Library Totals
        24          4          0          0          0          0   (incl. Padding)

    ----------------------------------------------------------------------

      Code (inc. data)   RO Data    RW Data    ZI Data      Debug   Library Name

       780         14          0          0         96        512   c_p.l
      1588         40         64          0          0       1172   fz_ps.l

    ----------------------------------------------------------------------
      2392         58         64          0         96       1684   Library Totals

    ----------------------------------------------------------------------

==============================================================================


      Code (inc. data)   RO Data    RW Data    ZI Data      Debug   

      9420       1152        364         16       5864     128766   Grand Totals
      9420       1152        364         16       5864     128766   ELF Image Totals
      9420       1152        364         16          0          0   ROM Totals

==============================================================================

    Total RO  Size (Code + RO Data)                 9784 (   9.55kB)
    Total RW  Size (RW Data + ZI Data)              5880 (   5.74kB)
    Total ROM Size (Code + RO Data + RW Data)       9800 (   9.57kB)

==============================================================================

